Component: ARM Compiler 5.06 update 7 (build 960) Tool: armlink [4d3601]

==============================================================================

Section Cross References

    startup_stm32f103xe.o(STACK) refers (Special) to heapauxi.o(.text) for __use_two_region_memory
    startup_stm32f103xe.o(HEAP) refers (Special) to heapauxi.o(.text) for __use_two_region_memory
    startup_stm32f103xe.o(RESET) refers (Special) to heapauxi.o(.text) for __use_two_region_memory
    startup_stm32f103xe.o(RESET) refers to startup_stm32f103xe.o(STACK) for __initial_sp
    startup_stm32f103xe.o(RESET) refers to startup_stm32f103xe.o(.text) for Reset_Handler
    startup_stm32f103xe.o(RESET) refers to stm32f1xx_it.o(i.NMI_Handler) for NMI_Handler
    startup_stm32f103xe.o(RESET) refers to stm32f1xx_it.o(i.HardFault_Handler) for HardFault_Handler
    startup_stm32f103xe.o(RESET) refers to stm32f1xx_it.o(i.MemManage_Handler) for MemManage_Handler
    startup_stm32f103xe.o(RESET) refers to stm32f1xx_it.o(i.BusFault_Handler) for BusFault_Handler
    startup_stm32f103xe.o(RESET) refers to stm32f1xx_it.o(i.UsageFault_Handler) for UsageFault_Handler
    startup_stm32f103xe.o(RESET) refers to port.o(.emb_text) for SVC_Handler
    startup_stm32f103xe.o(RESET) refers to stm32f1xx_it.o(i.DebugMon_Handler) for DebugMon_Handler
    startup_stm32f103xe.o(RESET) refers to port.o(i.SysTick_Handler) for SysTick_Handler
    startup_stm32f103xe.o(RESET) refers to stm32f1xx_it.o(i.TIM1_CC_IRQHandler) for TIM1_CC_IRQHandler
    startup_stm32f103xe.o(RESET) refers to stm32f1xx_it.o(i.TIM7_IRQHandler) for TIM7_IRQHandler
    startup_stm32f103xe.o(.text) refers (Special) to heapauxi.o(.text) for __use_two_region_memory
    startup_stm32f103xe.o(.text) refers to system_stm32f1xx.o(i.SystemInit) for SystemInit
    startup_stm32f103xe.o(.text) refers to __main.o(!!!main) for __main
    startup_stm32f103xe.o(.text) refers to startup_stm32f103xe.o(HEAP) for Heap_Mem
    startup_stm32f103xe.o(.text) refers to startup_stm32f103xe.o(STACK) for Stack_Mem
    main.o(i.HAL_TIM_IC_CaptureCallback) refers to stm32f1xx_hal_tim.o(i.HAL_TIM_ReadCapturedValue) for HAL_TIM_ReadCapturedValue
    main.o(i.HAL_TIM_IC_CaptureCallback) refers to dflt_clz.o(x$fpl$dfltu) for __aeabi_ui2d
    main.o(i.HAL_TIM_IC_CaptureCallback) refers to ddiv.o(x$fpl$ddiv) for __aeabi_ddiv
    main.o(i.HAL_TIM_IC_CaptureCallback) refers to d2f.o(x$fpl$d2f) for __aeabi_d2f
    main.o(i.HAL_TIM_IC_CaptureCallback) refers to main.o(.data) for .data
    main.o(i.HAL_TIM_IC_CaptureCallback) refers to main.o(.bss) for .bss
    main.o(i.HAL_TIM_PeriodElapsedCallback) refers to stm32f1xx_hal.o(i.HAL_IncTick) for HAL_IncTick
    main.o(i.HCSR04_Read) refers to stm32f1xx_hal_gpio.o(i.HAL_GPIO_ReadPin) for HAL_GPIO_ReadPin
    main.o(i.HCSR04_Read) refers to stm32f1xx_hal_gpio.o(i.HAL_GPIO_WritePin) for HAL_GPIO_WritePin
    main.o(i.HCSR04_Read) refers to main.o(.data) for .data
    main.o(i.HCSR04_Read) refers to main.o(.bss) for .bss
    main.o(i.MX_GPIO_Init) refers to stm32f1xx_hal_gpio.o(i.HAL_GPIO_WritePin) for HAL_GPIO_WritePin
    main.o(i.MX_GPIO_Init) refers to stm32f1xx_hal_gpio.o(i.HAL_GPIO_Init) for HAL_GPIO_Init
    main.o(i.MX_TIM1_Init) refers to stm32f1xx_hal_tim.o(i.HAL_TIM_IC_Init) for HAL_TIM_IC_Init
    main.o(i.MX_TIM1_Init) refers to stm32f1xx_hal_tim_ex.o(i.HAL_TIMEx_MasterConfigSynchronization) for HAL_TIMEx_MasterConfigSynchronization
    main.o(i.MX_TIM1_Init) refers to stm32f1xx_hal_tim.o(i.HAL_TIM_IC_ConfigChannel) for HAL_TIM_IC_ConfigChannel
    main.o(i.MX_TIM1_Init) refers to main.o(.bss) for .bss
    main.o(i.StartDefaultTask) refers to cmsis_os.o(i.osDelay) for osDelay
    main.o(i.SystemClock_Config) refers to rt_memclr_w.o(.text) for __aeabi_memclr4
    main.o(i.SystemClock_Config) refers to stm32f1xx_hal_rcc.o(i.HAL_RCC_OscConfig) for HAL_RCC_OscConfig
    main.o(i.SystemClock_Config) refers to stm32f1xx_hal_rcc.o(i.HAL_RCC_ClockConfig) for HAL_RCC_ClockConfig
    main.o(i.lcdTask) refers to _printf_percent.o(.ARM.Collect$$_printf_percent$$00000000) for _printf_percent
    main.o(i.lcdTask) refers to _printf_f.o(.ARM.Collect$$_printf_percent$$00000003) for _printf_f
    main.o(i.lcdTask) refers to printf1.o(x$fpl$printf1) for _printf_fp_dec
    main.o(i.lcdTask) refers to queue.o(i.xQueueReceive) for xQueueReceive
    main.o(i.lcdTask) refers to ssd1306.o(i.SSD1306_Clear) for SSD1306_Clear
    main.o(i.lcdTask) refers to f2d.o(x$fpl$f2d) for __aeabi_f2d
    main.o(i.lcdTask) refers to noretval__2snprintf.o(.text) for __2snprintf
    main.o(i.lcdTask) refers to ssd1306.o(i.SSD1306_GotoXY) for SSD1306_GotoXY
    main.o(i.lcdTask) refers to ssd1306.o(i.SSD1306_Puts) for SSD1306_Puts
    main.o(i.lcdTask) refers to ssd1306.o(i.SSD1306_UpdateScreen) for SSD1306_UpdateScreen
    main.o(i.lcdTask) refers to tasks.o(i.vTaskDelay) for vTaskDelay
    main.o(i.lcdTask) refers to main.o(.data) for .data
    main.o(i.lcdTask) refers to fonts.o(.data) for Font_7x10
[...]
    i.HAL_TIM_PeriodElapsedCallback          0x080027d8   Section        0  main.o(i.HAL_TIM_PeriodElapsedCallback)
    i.HAL_TIM_ReadCapturedValue              0x080027ec   Section        0  stm32f1xx_hal_tim.o(i.HAL_TIM_ReadCapturedValue)
    i.HAL_TIM_TriggerCallback                0x08002816   Section        0  stm32f1xx_hal_tim.o(i.HAL_TIM_TriggerCallback)
    i.HCSR04_Read                            0x08002818   Section        0  main.o(i.HCSR04_Read)
    i.HardFault_Handler                      0x0800286c   Section        0  stm32f1xx_it.o(i.HardFault_Handler)
    i.I2C_IsAcknowledgeFailed                0x0800286e   Section        0  stm32f1xx_hal_i2c.o(i.I2C_IsAcknowledgeFailed)
    I2C_IsAcknowledgeFailed                  0x0800286f   Thumb Code    46  stm32f1xx_hal_i2c.o(i.I2C_IsAcknowledgeFailed)
    i.I2C_MasterRequestWrite                 0x0800289c   Section        0  stm32f1xx_hal_i2c.o(i.I2C_MasterRequestWrite)
    I2C_MasterRequestWrite                   0x0800289d   Thumb Code   150  stm32f1xx_hal_i2c.o(i.I2C_MasterRequestWrite)
    i.I2C_WaitOnBTFFlagUntilTimeout          0x08002938   Section        0  stm32f1xx_hal_i2c.o(i.I2C_WaitOnBTFFlagUntilTimeout)
    I2C_WaitOnBTFFlagUntilTimeout            0x08002939   Thumb Code    86  stm32f1xx_hal_i2c.o(i.I2C_WaitOnBTFFlagUntilTimeout)
    i.I2C_WaitOnFlagUntilTimeout             0x08002990   Section        0  stm32f1xx_hal_i2c.o(i.I2C_WaitOnFlagUntilTimeout)
    I2C_WaitOnFlagUntilTimeout               0x08002991   Thumb Code   144  stm32f1xx_hal_i2c.o(i.I2C_WaitOnFlagUntilTimeout)
    i.I2C_WaitOnMasterAddressFlagUntilTimeout 0x08002a20   Section        0  stm32f1xx_hal_i2c.o(i.I2C_WaitOnMasterAddressFlagUntilTimeout)
    I2C_WaitOnMasterAddressFlagUntilTimeout  0x08002a21   Thumb Code   188  stm32f1xx_hal_i2c.o(i.I2C_WaitOnMasterAddressFlagUntilTimeout)
    i.I2C_WaitOnTXEFlagUntilTimeout          0x08002adc   Section        0  stm32f1xx_hal_i2c.o(i.I2C_WaitOnTXEFlagUntilTimeout)
    I2C_WaitOnTXEFlagUntilTimeout            0x08002add   Thumb Code    86  stm32f1xx_hal_i2c.o(i.I2C_WaitOnTXEFlagUntilTimeout)
    i.MX_GPIO_Init                           0x08002b34   Section        0  main.o(i.MX_GPIO_Init)
    MX_GPIO_Init                             0x08002b35   Thumb Code   104  main.o(i.MX_GPIO_Init)
    i.MX_TIM1_Init                           0x08002ba4   Section        0  main.o(i.MX_TIM1_Init)
    MX_TIM1_Init                             0x08002ba5   Thumb Code   102  main.o(i.MX_TIM1_Init)
    i.MemManage_Handler                      0x08002c14   Section        0  stm32f1xx_it.o(i.MemManage_Handler)
    i.NMI_Handler                            0x08002c16   Section        0  stm32f1xx_it.o(i.NMI_Handler)
    i.SSD1306_Clear                          0x08002c18   Section        0  ssd1306.o(i.SSD1306_Clear)
    i.SSD1306_DrawPixel                      0x08002c28   Section        0  ssd1306.o(i.SSD1306_DrawPixel)
    i.SSD1306_Fill                           0x08002c68   Section        0  ssd1306.o(i.SSD1306_Fill)
    i.SSD1306_GotoXY                         0x08002c80   Section        0  ssd1306.o(i.SSD1306_GotoXY)
    i.SSD1306_Init                           0x08002c8c   Section        0  ssd1306.o(i.SSD1306_Init)
    i.SSD1306_Putc                           0x08002df4   Section        0  ssd1306.o(i.SSD1306_Putc)
    i.SSD1306_Puts                           0x08002e94   Section        0  ssd1306.o(i.SSD1306_Puts)
    i.SSD1306_UpdateScreen                   0x08002ebc   Section        0  ssd1306.o(i.SSD1306_UpdateScreen)
    i.SysTick_Handler                        0x08002f04   Section        0  port.o(i.SysTick_Handler)
    i.SystemClock_Config                     0x08002f30   Section        0  main.o(i.SystemClock_Config)
    i.SystemInit                             0x08002f84   Section        0  system_stm32f1xx.o(i.SystemInit)
    i.TIM1_CC_IRQHandler                     0x08002f88   Section        0  stm32f1xx_it.o(i.TIM1_CC_IRQHandler)
    i.TIM7_IRQHandler                        0x08002f94   Section        0  stm32f1xx_it.o(i.TIM7_IRQHandler)
    i.TIM_Base_SetConfig                     0x08002fa0   Section        0  stm32f1xx_hal_tim.o(i.TIM_Base_SetConfig)
    i.TIM_CCxChannelCmd                      0x0800303c   Section        0  stm32f1xx_hal_tim.o(i.TIM_CCxChannelCmd)
    i.TIM_TI1_SetConfig                      0x08003058   Section        0  stm32f1xx_hal_tim.o(i.TIM_TI1_SetConfig)
    i.TIM_TI2_SetConfig                      0x080030c4   Section        0  stm32f1xx_hal_tim.o(i.TIM_TI2_SetConfig)
    TIM_TI2_SetConfig                        0x080030c5   Thumb Code    54  stm32f1xx_hal_tim.o(i.TIM_TI2_SetConfig)
    i.UsageFault_Handler                     0x080030fa   Section        0  stm32f1xx_it.o(i.UsageFault_Handler)
    i.__ARM_fpclassify                       0x080030fc   Section        0  fpclassify.o(i.__ARM_fpclassify)
    i.__NVIC_SetPriority                     0x08003124   Section        0  stm32f1xx_hal_cortex.o(i.__NVIC_SetPriority)
    __NVIC_SetPriority                       0x08003125   Thumb Code    32  stm32f1xx_hal_cortex.o(i.__NVIC_SetPriority)
    i._is_digit                              0x08003144   Section        0  __printf_wp.o(i._is_digit)
    i.lcdTask                                0x08003154   Section        0  main.o(i.lcdTask)
    i.main                                   0x080031bc   Section        0  main.o(i.main)
    i.makeFreeRtosPriority                   0x08003294   Section        0  cmsis_os.o(i.makeFreeRtosPriority)
    makeFreeRtosPriority                     0x08003295   Thumb Code    12  cmsis_os.o(i.makeFreeRtosPriority)
    i.osKernelStart                          0x080032a0   Section        0  cmsis_os.o(i.osKernelStart)
    i.osThreadCreate                         0x080032aa   Section        0  cmsis_os.o(i.osThreadCreate)
    i.prvAddCurrentTaskToDelayedList         0x08003300   Section        0  tasks.o(i.prvAddCurrentTaskToDelayedList)
    prvAddCurrentTaskToDelayedList           0x08003301   Thumb Code   102  tasks.o(i.prvAddCurrentTaskToDelayedList)
    i.prvAddNewTaskToReadyList               0x08003370   Section        0  tasks.o(i.prvAddNewTaskToReadyList)
    prvAddNewTaskToReadyList                 0x08003371   Thumb Code   194  tasks.o(i.prvAddNewTaskToReadyList)
    i.prvCopyDataFromQueue                   0x08003440   Section        0  queue.o(i.prvCopyDataFromQueue)
    prvCopyDataFromQueue                     0x08003441   Thumb Code    38  queue.o(i.prvCopyDataFromQueue)
    i.prvCopyDataToQueue                     0x08003466   Section        0  queue.o(i.prvCopyDataToQueue)
    prvCopyDataToQueue                       0x08003467   Thumb Code   108  queue.o(i.prvCopyDataToQueue)
    i.prvDeleteTCB                           0x080034d2   Section        0  tasks.o(i.prvDeleteTCB)
    prvDeleteTCB                             0x080034d3   Thumb Code    52  tasks.o(i.prvDeleteTCB)
    i.prvHeapInit                            0x08003508   Section        0  heap_4.o(i.prvHeapInit)
    prvHeapInit                              0x08003509   Thumb Code    66  heap_4.o(i.prvHeapInit)
    i.prvIdleTask                            0x08003554   Section        0  tasks.o(i.prvIdleTask)
    prvIdleTask                              0x08003555   Thumb Code    82  tasks.o(i.prvIdleTask)
    i.prvInitialiseNewQueue                  0x080035b4   Section        0  queue.o(i.prvInitialiseNewQueue)
    prvInitialiseNewQueue                    0x080035b5   Thumb Code    22  queue.o(i.prvInitialiseNewQueue)
    i.prvInitialiseNewTask                   0x080035ca   Section        0  tasks.o(i.prvInitialiseNewTask)
    prvInitialiseNewTask                     0x080035cb   Thumb Code   152  tasks.o(i.prvInitialiseNewTask)
    i.prvInsertBlockIntoFreeList             0x08003664   Section        0  heap_4.o(i.prvInsertBlockIntoFreeList)
    prvInsertBlockIntoFreeList               0x08003665   Thumb Code    72  heap_4.o(i.prvInsertBlockIntoFreeList)
    i.prvIsQueueEmpty                        0x080036b0   Section        0  queue.o(i.prvIsQueueEmpty)
    prvIsQueueEmpty                          0x080036b1   Thumb Code    28  queue.o(i.prvIsQueueEmpty)
    i.prvResetNextTaskUnblockTime            0x080036cc   Section        0  tasks.o(i.prvResetNextTaskUnblockTime)
    prvResetNextTaskUnblockTime              0x080036cd   Thumb Code    26  tasks.o(i.prvResetNextTaskUnblockTime)
    i.prvTaskExitError                       0x080036ec   Section        0  port.o(i.prvTaskExitError)
    prvTaskExitError                         0x080036ed   Thumb Code    36  port.o(i.prvTaskExitError)
    i.prvUnlockQueue                         0x08003714   Section        0  queue.o(i.prvUnlockQueue)
    prvUnlockQueue                           0x08003715   Thumb Code   106  queue.o(i.prvUnlockQueue)
    i.pvPortMalloc                           0x08003780   Section        0  heap_4.o(i.pvPortMalloc)
    i.pxPortInitialiseStack                  0x0800385c   Section        0  port.o(i.pxPortInitialiseStack)
    i.ssd1306_I2C_Init                       0x08003880   Section        0  ssd1306.o(i.ssd1306_I2C_Init)
    i.ssd1306_I2C_Write                      0x0800388c   Section        0  ssd1306.o(i.ssd1306_I2C_Write)
    i.ssd1306_I2C_WriteMulti                 0x080038ac   Section        0  ssd1306.o(i.ssd1306_I2C_WriteMulti)
    i.ultrasonicTask                         0x080038e4   Section        0  main.o(i.ultrasonicTask)
    i.uxListRemove                           0x08003914   Section        0  list.o(i.uxListRemove)
    i.vApplicationGetIdleTaskMemory          0x0800393c   Section        0  freertos.o(i.vApplicationGetIdleTaskMemory)
    i.vListInitialise                        0x08003950   Section        0  list.o(i.vListInitialise)
    i.vListInitialiseItem                    0x08003966   Section        0  list.o(i.vListInitialiseItem)
    i.vListInsert                            0x0800396c   Section        0  list.o(i.vListInsert)
    i.vListInsertEnd                         0x0800399c   Section        0  list.o(i.vListInsertEnd)
    i.vPortEnterCritical                     0x080039b4   Section        0  port.o(i.vPortEnterCritical)
    i.vPortExitCritical                      0x080039f4   Section        0  port.o(i.vPortExitCritical)
    i.vPortFree                              0x08003a1c   Section        0  heap_4.o(i.vPortFree)
    i.vPortSetupTimerInterrupt               0x08003a80   Section        0  port.o(i.vPortSetupTimerInterrupt)
    i.vTaskDelay                             0x08003aa4   Section        0  tasks.o(i.vTaskDelay)
    i.vTaskInternalSetTimeOutState           0x08003af0   Section        0  tasks.o(i.vTaskInternalSetTimeOutState)
    i.vTaskMissedYield                       0x08003b00   Section        0  tasks.o(i.vTaskMissedYield)
    i.vTaskPlaceOnEventList                  0x08003b0c   Section        0  tasks.o(i.vTaskPlaceOnEventList)
    i.vTaskStartScheduler                    0x08003b3c   Section        0  tasks.o(i.vTaskStartScheduler)
    i.vTaskSuspendAll                        0x08003ba8   Section        0  tasks.o(i.vTaskSuspendAll)
    i.vTaskSwitchContext                     0x08003bb8   Section        0  tasks.o(i.vTaskSwitchContext)
    i.xPortStartScheduler                    0x08003c14   Section        0  port.o(i.xPortStartScheduler)
    i.xQueueGenericCreate                    0x08003cbc   Section        0  queue.o(i.xQueueGenericCreate)
    i.xQueueGenericReset                     0x08003d00   Section        0  queue.o(i.xQueueGenericReset)
    i.xQueueGenericSend                      0x08003d88   Section        0  queue.o(i.xQueueGenericSend)
    i.xQueueReceive                          0x08003ee8   Section        0  queue.o(i.xQueueReceive)
    i.xTaskCheckForTimeOut                   0x08004020   Section        0  tasks.o(i.xTaskCheckForTimeOut)
    i.xTaskCreate                            0x08004094   Section        0  tasks.o(i.xTaskCreate)
    i.xTaskCreateStatic                      0x080040ee   Section        0  tasks.o(i.xTaskCreateStatic)
    i.xTaskGetSchedulerState                 0x08004144   Section        0  tasks.o(i.xTaskGetSchedulerState)
    i.xTaskIncrementTick                     0x08004160   Section        0  tasks.o(i.xTaskIncrementTick)
    i.xTaskPriorityDisinherit                0x0800422c   Section        0  tasks.o(i.xTaskPriorityDisinherit)
    i.xTaskRemoveFromEventList               0x080042c4   Section        0  tasks.o(i.xTaskRemoveFromEventList)
    i.xTaskResumeAll                         0x08004338   Section        0  tasks.o(i.xTaskResumeAll)
    locale$$code                             0x080043fc   Section       44  lc_numeric_c.o(locale$$code)
    x$fpl$d2f                                0x08004428   Section       98  d2f.o(x$fpl$d2f)
    x$fpl$ddiv                               0x0800448c   Section      688  ddiv.o(x$fpl$ddiv)
    ddiv_entry                               0x08004493   Thumb Code     0  ddiv.o(x$fpl$ddiv)
    x$fpl$dfltu                              0x0800473c   Section       38  dflt_clz.o(x$fpl$dfltu)
    x$fpl$dnaninf                            0x08004762   Section      156  dnaninf.o(x$fpl$dnaninf)
    x$fpl$dretinf                            0x080047fe   Section       12  dretinf.o(x$fpl$dretinf)
    x$fpl$f2d                                0x0800480c   Section       86  f2d.o(x$fpl$f2d)
    x$fpl$fnaninf                            0x08004862   Section      140  fnaninf.o(x$fpl$fnaninf)
    x$fpl$fretinf                            0x080048ee   Section       10  fretinf.o(x$fpl$fretinf)
    x$fpl$printf1                            0x080048f8   Section        4  printf1.o(x$fpl$printf1)
    .constdata                               0x080048fc   Section       56  main.o(.constdata)
    x$fpl$usenofp                            0x080048fc   Section        0  usenofp.o(x$fpl$usenofp)
    .constdata                               0x08004934   Section       18  stm32f1xx_hal_rcc.o(.constdata)
    aPredivFactorTable                       0x08004934   Data           2  stm32f1xx_hal_rcc.o(.constdata)
    aPLLMULFactorTable                       0x08004936   Data          16  stm32f1xx_hal_rcc.o(.constdata)
    .constdata                               0x08004946   Section       16  system_stm32f1xx.o(.constdata)
    .constdata                               0x08004956   Section        8  system_stm32f1xx.o(.constdata)
    .constdata                               0x0800495e   Section     1900  fonts.o(.constdata)
    .constdata                               0x080050ca   Section     3420  fonts.o(.constdata)
    .constdata                               0x08005e28   Section      148  bigflt0.o(.constdata)
    tenpwrs_x                                0x08005e28   Data          60  bigflt0.o(.constdata)
    tenpwrs_i                                0x08005e64   Data          64  bigflt0.o(.constdata)
    .conststring                             0x08005ebc   Section       24  main.o(.conststring)
    locale$$data                             0x08005ef4   Section       28  lc_numeric_c.o(locale$$data)
    __lcnum_c_name                           0x08005ef8   Data           2  lc_numeric_c.o(locale$$data)
    __lcnum_c_start                          0x08005f00   Data           0  lc_numeric_c.o(locale$$data)
    __lcnum_c_point                          0x08005f0c   Data           0  lc_numeric_c.o(locale$$data)
    __lcnum_c_thousands                      0x08005f0e   Data           0  lc_numeric_c.o(locale$$data)
    __lcnum_c_grouping                       0x08005f0f   Data           0  lc_numeric_c.o(locale$$data)
    __lcnum_c_end                            0x08005f10   Data           0  lc_numeric_c.o(locale$$data)
    .data                                    0x20000000   Section       24  main.o(.data)
    .data                                    0x20000018   Section       12  stm32f1xx_hal.o(.data)
    .data                                    0x20000024   Section        4  system_stm32f1xx.o(.data)
    .data                                    0x20000028   Section       60  tasks.o(.data)
    uxDeletedTasksWaitingCleanUp             0x2000002c   Data           4  tasks.o(.data)
    uxCurrentNumberOfTasks                   0x20000030   Data           4  tasks.o(.data)
    xTickCount                               0x20000034   Data           4  tasks.o(.data)
    uxTopReadyPriority                       0x20000038   Data           4  tasks.o(.data)
    xSchedulerRunning                        0x2000003c   Data           4  tasks.o(.data)
    xPendedTicks                             0x20000040   Data           4  tasks.o(.data)
    xYieldPending                            0x20000044   Data           4  tasks.o(.data)
    xNumOfOverflows                          0x20000048   Data           4  tasks.o(.data)
    uxTaskNumber                             0x2000004c   Data           4  tasks.o(.data)
    xNextTaskUnblockTime                     0x20000050   Data           4  tasks.o(.data)
    xIdleTaskHandle                          0x20000054   Data           4  tasks.o(.data)
    uxSchedulerSuspended                     0x20000058   Data           4  tasks.o(.data)
    pxDelayedTaskList                        0x2000005c   Data           4  tasks.o(.data)
    pxOverflowDelayedTaskList                0x20000060   Data           4  tasks.o(.data)
    .data                                    0x20000064   Section       32  heap_4.o(.data)
    pxEnd                                    0x20000064   Data           4  heap_4.o(.data)
    xFreeBytesRemaining                      0x20000068   Data           4  heap_4.o(.data)
    xMinimumEverFreeBytesRemaining           0x2000006c   Data           4  heap_4.o(.data)
    xNumberOfSuccessfulAllocations           0x20000070   Data           4  heap_4.o(.data)
    xNumberOfSuccessfulFrees                 0x20000074   Data           4  heap_4.o(.data)
    xBlockAllocatedBit                       0x20000078   Data           4  heap_4.o(.data)
    xStart                                   0x2000007c   Data           8  heap_4.o(.data)
    .data                                    0x20000084   Section       12  port.o(.data)
    ucMaxSysCallPriority                     0x20000084   Data           1  port.o(.data)
    uxCriticalNesting                        0x20000088   Data           4  port.o(.data)
    ulMaxPRIGROUPValue                       0x2000008c   Data           4  port.o(.data)
    .data                                    0x20000090   Section        8  fonts.o(.data)
    .data                                    0x20000098   Section        8  fonts.o(.data)
    .data                                    0x200000a0   Section        6  ssd1306.o(.data)
    SSD1306                                  0x200000a0   Data           6  ssd1306.o(.data)
    .bss                                     0x200000a8   Section      156  main.o(.bss)
    .bss                                     0x20000144   Section      596  freertos.o(.bss)
    xIdleTaskTCBBuffer                       0x20000144   Data          84  freertos.o(.bss)
    xIdleStack                               0x20000198   Data         512  freertos.o(.bss)
    .bss                                     0x20000398   Section       72  stm32f1xx_hal_timebase_tim.o(.bss)
    .bss                                     0x200003e0   Section      240  tasks.o(.bss)
    pxReadyTasksLists                        0x200003e0   Data         140  tasks.o(.bss)
    xDelayedTaskList1                        0x2000046c   Data          20  tasks.o(.bss)
    xDelayedTaskList2                        0x20000480   Data          20  tasks.o(.bss)
    xPendingReadyList                        0x20000494   Data          20  tasks.o(.bss)
    xTasksWaitingTermination                 0x200004a8   Data          20  tasks.o(.bss)
    xSuspendedTaskList                       0x200004bc   Data          20  tasks.o(.bss)
    .bss                                     0x200004d0   Section     3072  heap_4.o(.bss)
    ucHeap                                   0x200004d0   Data        3072  heap_4.o(.bss)
    .bss                                     0x200010d0   Section     1024  ssd1306.o(.bss)
    SSD1306_Buffer                           0x200010d0   Data        1024  ssd1306.o(.bss)
    .bss                                     0x200014d0   Section       96  libspace.o(.bss)
    HEAP                                     0x20001530   Section      512  startup_stm32f103xe.o(HEAP)
    Heap_Mem                                 0x20001530   Data         512  startup_stm32f103xe.o(HEAP)
    STACK                                    0x20001730   Section     1024  startup_stm32f103xe.o(STACK)
    Stack_Mem                                0x20001730   Data        1024  startup_stm32f103xe.o(STACK)
    __initial_sp                             0x20001b30   Data           0  startup_stm32f103xe.o(STACK)

    Global Symbols

    Symbol Name                              Value     Ov Type        Size  Object(Section)

    BuildAttributes$$THM_ISAv4$P$D$K$B$S$PE$A:L22UL41UL21$X:L11$S22US41US21$IEEE1$IW$USESV6$~STKCKD$USESV7$~SHL$OTIME$ROPI$IEEEJ$EBA8$UX$STANDARDLIB$REQ8$PRES8$EABIv2 0x00000000   Number         0  anon$$obj.o ABSOLUTE
    __ARM_use_no_argv                        0x00000000   Number         0  main.o ABSOLUTE
    _printf_flags                            0x00000000   Number         0  printf_stubs.o ABSOLUTE
    _printf_return_value                     0x00000000   Number         0  printf_stubs.o ABSOLUTE
    _printf_sizespec                         0x00000000   Number         0  printf_stubs.o ABSOLUTE
    _printf_widthprec                        0x00000000   Number         0  printf_stubs.o ABSOLUTE
    __ARM_exceptions_init                     - Undefined Weak Reference
    __alloca_initialize                       - Undefined Weak Reference
    __arm_fini_                               - Undefined Weak Reference
    __arm_preinit_                            - Undefined Weak Reference
    __cpp_initialize__aeabi_                  - Undefined Weak Reference
    __cxa_finalize                            - Undefined Weak Reference
    __sigvec_lookup                           - Undefined Weak Reference
    _atexit_init                              - Undefined Weak Reference
    _call_atexit_fns                          - Undefined Weak Reference
    _clock_init                               - Undefined Weak Reference
    _fp_trap_init                             - Undefined Weak Reference
    _fp_trap_shutdown                         - Undefined Weak Reference
    _get_lc_collate                           - Undefined Weak Reference
    _get_lc_ctype                             - Undefined Weak Reference
    _get_lc_monetary                          - Undefined Weak Reference
    _get_lc_time                              - Undefined Weak Reference
    _getenv_init                              - Undefined Weak Reference
    _handle_redirection                       - Undefined Weak Reference
    _init_alloc                               - Undefined Weak Reference
    _init_user_alloc                          - Undefined Weak Reference
    _initio                                   - Undefined Weak Reference
    _printf_post_padding                      - Undefined Weak Reference
    _printf_pre_padding                       - Undefined Weak Reference
    _rand_init                                - Undefined Weak Reference
    _signal_finish                            - Undefined Weak Reference
    _signal_init                              - Undefined Weak Reference
    _terminate_alloc                          - Undefined Weak Reference
    _terminate_user_alloc                     - Undefined Weak Reference
    _terminateio                              - Undefined Weak Reference
    __Vectors_Size                           0x00000130   Number         0  startup_stm32f103xe.o ABSOLUTE
    __Vectors                                0x08000000   Data           4  startup_stm32f103xe.o(RESET)
    __Vectors_End                            0x08000130   Data           0  startup_stm32f103xe.o(RESET)
    __main                                   0x08000131   Thumb Code     8  __main.o(!!!main)
    __scatterload                            0x08000139   Thumb Code     0  __scatter.o(!!!scatter)
    __scatterload_rt2                        0x08000139   Thumb Code    44  __scatter.o(!!!scatter)
    __scatterload_rt2_thumb_only             0x08000139   Thumb Code     0  __scatter.o(!!!scatter)
    __scatterload_null                       0x08000147   Thumb Code     0  __scatter.o(!!!scatter)
    __scatterload_copy                       0x0800016d   Thumb Code    26  __scatter_copy.o(!!handler_copy)
    __scatterload_zeroinit                   0x08000189   Thumb Code    28  __scatter_zi.o(!!handler_zi)
    _printf_f                                0x080001a5   Thumb Code     0  _printf_f.o(.ARM.Collect$$_printf_percent$$00000003)
    _printf_percent                          0x080001a5   Thumb Code     0  _printf_percent.o(.ARM.Collect$$_printf_percent$$00000000)
    _printf_percent_end                      0x080001ab   Thumb Code     0  _printf_percent_end.o(.ARM.Collect$$_printf_percent$$00000017)
    __rt_lib_init                            0x080001af   Thumb Code     0  libinit.o(.ARM.Collect$$libinit$$00000000)
    __rt_lib_init_fp_1                       0x080001b1   Thumb Code     0  libinit2.o(.ARM.Collect$$libinit$$00000002)
    __rt_lib_init_heap_1                     0x080001b1   Thumb Code     0  libinit2.o(.ARM.Collect$$libinit$$0000000A)
    __rt_lib_init_lc_common                  0x080001b1   Thumb Code     0  libinit2.o(.ARM.Collect$$libinit$$0000000F)
    __rt_lib_init_preinit_1                  0x080001b1   Thumb Code     0  libinit2.o(.ARM.Collect$$libinit$$00000004)
    __rt_lib_init_rand_1                     0x080001b1   Thumb Code     0  libinit2.o(.ARM.Collect$$libinit$$0000000E)
    __rt_lib_init_user_alloc_1               0x080001b1   Thumb Code     0  libinit2.o(.ARM.Collect$$libinit$$0000000C)
    __rt_lib_init_lc_collate_1               0x080001b7   Thumb Code     0  libinit2.o(.ARM.Collect$$libinit$$00000011)
    __rt_lib_init_lc_ctype_1                 0x080001b7   Thumb Code     0  libinit2.o(.ARM.Collect$$libinit$$00000013)
    __rt_lib_init_lc_monetary_1              0x080001b7   Thumb Code     0  libinit2.o(.ARM.Collect$$libinit$$00000015)
    __rt_lib_init_lc_numeric_2               0x080001b7   Thumb Code     0  libinit2.o(.ARM.Collect$$libinit$$00000016)
    __rt_lib_init_alloca_1                   0x080001c1   Thumb Code     0  libinit2.o(.ARM.Collect$$libinit$$0000002E)
    __rt_lib_init_argv_1                     0x080001c1   Thumb Code     0  libinit2.o(.ARM.Collect$$libinit$$0000002C)
    __rt_lib_init_atexit_1                   0x080001c1   Thumb Code     0  libinit2.o(.ARM.Collect$$libinit$$0000001B)
    __rt_lib_init_clock_1                    0x080001c1   Thumb Code     0  libinit2.o(.ARM.Collect$$libinit$$00000021)
    __rt_lib_init_cpp_1                      0x080001c1   Thumb Code     0  libinit2.o(.ARM.Collect$$libinit$$00000032)
    __rt_lib_init_exceptions_1               0x080001c1   Thumb Code     0  libinit2.o(.ARM.Collect$$libinit$$00000030)
    __rt_lib_init_fp_trap_1                  0x080001c1   Thumb Code     0  libinit2.o(.ARM.Collect$$libinit$$0000001F)
    __rt_lib_init_getenv_1                   0x080001c1   Thumb Code     0  libinit2.o(.ARM.Collect$$libinit$$00000023)
    __rt_lib_init_lc_numeric_1               0x080001c1   Thumb Code     0  libinit2.o(.ARM.Collect$$libinit$$00000017)
    __rt_lib_init_lc_time_1                  0x080001c1   Thumb Code     0  libinit2.o(.ARM.Collect$$libinit$$00000019)
    __rt_lib_init_return                     0x080001c1   Thumb Code     0  libinit2.o(.ARM.Collect$$libinit$$00000033)
    __rt_lib_init_signal_1                   0x080001c1   Thumb Code     0  libinit2.o(.ARM.Collect$$libinit$$0000001D)
    __rt_lib_init_stdio_1                    0x080001c1   Thumb Code     0  libinit2.o(.ARM.Collect$$libinit$$00000025)
    __rt_lib_shutdown                        0x080001c3   Thumb Code     0  libshutdown.o(.ARM.Collect$$libshutdown$$00000000)
    __rt_lib_shutdown_cpp_1                  0x080001c5   Thumb Code     0  libshutdown2.o(.ARM.Collect$$libshutdown$$00000004)
    __rt_lib_shutdown_fini_1                 0x080001c5   Thumb Code     0  libshutdown2.o(.ARM.Collect$$libshutdown$$00000002)
    __rt_lib_shutdown_fp_trap_1              0x080001c5   Thumb Code     0  libshutdown2.o(.ARM.Collect$$libshutdown$$00000009)
    __rt_lib_shutdown_heap_1                 0x080001c5   Thumb Code     0  libshutdown2.o(.ARM.Collect$$libshutdown$$00000011)
    __rt_lib_shutdown_return                 0x080001c5   Thumb Code     0  libshutdown2.o(.ARM.Collect$$libshutdown$$00000012)
    __rt_lib_shutdown_signal_1               0x080001c5   Thumb Code     0  libshutdown2.o(.ARM.Collect$$libshutdown$$0000000C)
    __rt_lib_shutdown_stdio_1                0x080001c5   Thumb Code     0  libshutdown2.o(.ARM.Collect$$libshutdown$$00000006)
    __rt_lib_shutdown_user_alloc_1           0x080001c5   Thumb Code     0  libshutdown2.o(.ARM.Collect$$libshutdown$$0000000E)
    __rt_entry                               0x080001c7   Thumb Code     0  __rtentry.o(.ARM.Collect$$rtentry$$00000000)
    __rt_entry_presh_1                       0x080001c7   Thumb Code     0  __rtentry2.o(.ARM.Collect$$rtentry$$00000002)
    __rt_entry_sh                            0x080001c7   Thumb Code     0  __rtentry4.o(.ARM.Collect$$rtentry$$00000004)
    __rt_entry_li                            0x080001cd   Thumb Code     0  __rtentry2.o(.ARM.Collect$$rtentry$$0000000A)
    __rt_entry_postsh_1                      0x080001cd   Thumb Code     0  __rtentry2.o(.ARM.Collect$$rtentry$$00000009)
    __rt_entry_main                          0x080001d1   Thumb Code     0  __rtentry2.o(.ARM.Collect$$rtentry$$0000000D)
    __rt_entry_postli_1                      0x080001d1   Thumb Code     0  __rtentry2.o(.ARM.Collect$$rtentry$$0000000C)
    __rt_exit                                0x080001d9   Thumb Code     0  rtexit.o(.ARM.Collect$$rtexit$$00000000)
    __rt_exit_ls                             0x080001db   Thumb Code     0  rtexit2.o(.ARM.Collect$$rtexit$$00000003)
    __rt_exit_prels_1                        0x080001db   Thumb Code     0  rtexit2.o(.ARM.Collect$$rtexit$$00000002)
    __rt_exit_exit                           0x080001df   Thumb Code     0  rtexit2.o(.ARM.Collect$$rtexit$$00000004)
    SVC_Handler                              0x080001e5   Thumb Code    32  port.o(.emb_text)
    __asm___6_port_c_39a90d8d__prvStartFirstTask 0x08000209   Thumb Code    28  port.o(.emb_text)
    PendSV_Handler                           0x08000229   Thumb Code    72  port.o(.emb_text)
    vPortGetIPSR                             0x08000275   Thumb Code     6  port.o(.emb_text)
    Reset_Handler                            0x0800027d   Thumb Code     8  startup_stm32f103xe.o(.text)
    ADC1_2_IRQHandler                        0x08000297   Thumb Code     0  startup_stm32f103xe.o(.text)
    ADC3_IRQHandler                          0x08000297   Thumb Code     0  startup_stm32f103xe.o(.text)
    CAN1_RX1_IRQHandler                      0x08000297   Thumb Code     0  startup_stm32f103xe.o(.text)
    CAN1_SCE_IRQHandler                      0x08000297   Thumb Code     0  startup_stm32f103xe.o(.text)
    DMA1_Channel1_IRQHandler                 0x08000297   Thumb Code     0  startup_stm32f103xe.o(.text)
    DMA1_Channel2_IRQHandler                 0x08000297   Thumb Code     0  startup_stm32f103xe.o(.text)
    DMA1_Channel3_IRQHandler                 0x08000297   Thumb Code     0  startup_stm32f103xe.o(.text)
    DMA1_Channel4_IRQHandler                 0x08000297   Thumb Code     0  startup_stm32f103xe.o(.text)
    DMA1_Channel5_IRQHandler                 0x08000297   Thumb Code     0  startup_stm32f103xe.o(.text)
    DMA1_Channel6_IRQHandler                 0x08000297   Thumb Code     0  startup_stm32f103xe.o(.text)
    DMA1_Channel7_IRQHandler                 0x08000297   Thumb Code     0  startup_stm32f103xe.o(.text)
    DMA2_Channel1_IRQHandler                 0x08000297   Thumb Code     0  startup_stm32f103xe.o(.text)
    DMA2_Channel2_IRQHandler                 0x08000297   Thumb Code     0  startup_stm32f103xe.o(.text)
    DMA2_Channel3_IRQHandler                 0x08000297   Thumb Code     0  startup_stm32f103xe.o(.text)
    DMA2_Channel4_5_IRQHandler               0x08000297   Thumb Code     0  startup_stm32f103xe.o(.text)
    EXTI0_IRQHandler                         0x08000297   Thumb Code     0  startup_stm32f103xe.o(.text)
    EXTI15_10_IRQHandler                     0x08000297   Thumb Code     0  startup_stm32f103xe.o(.text)
    EXTI1_IRQHandler                         0x08000297   Thumb Code     0  startup_stm32f103xe.o(.text)
    EXTI2_IRQHandler                         0x08000297   Thumb Code     0  startup_stm32f103xe.o(.text)
    EXTI3_IRQHandler                         0x08000297   Thumb Code     0  startup_stm32f103xe.o(.text)
    EXTI4_IRQHandler                         0x08000297   Thumb Code     0  startup_stm32f103xe.o(.text)
    EXTI9_5_IRQHandler                       0x08000297   Thumb Code     0  startup_stm32f103xe.o(.text)
    FLASH_IRQHandler                         0x08000297   Thumb Code     0  startup_stm32f103xe.o(.text)
    FSMC_IRQHandler                          0x08000297   Thumb Code     0  startup_stm32f103xe.o(.text)
    I2C1_ER_IRQHandler                       0x08000297   Thumb Code     0  startup_stm32f103xe.o(.text)
    I2C1_EV_IRQHandler                       0x08000297   Thumb Code     0  startup_stm32f103xe.o(.text)
    I2C2_ER_IRQHandler                       0x08000297   Thumb Code     0  startup_stm32f103xe.o(.text)
    I2C2_EV_IRQHandler                       0x08000297   Thumb Code     0  startup_stm32f103xe.o(.text)
    PVD_IRQHandler                           0x08000297   Thumb Code     0  startup_stm32f103xe.o(.text)
    RCC_IRQHandler                           0x08000297   Thumb Code     0  startup_stm32f103xe.o(.text)
    RTC_Alarm_IRQHandler                     0x08000297   Thumb Code     0  startup_stm32f103xe.o(.text)
    RTC_IRQHandler                           0x08000297   Thumb Code     0  startup_stm32f103xe.o(.text)
    SDIO_IRQHandler                          0x08000297   Thumb Code     0  startup_stm32f103xe.o(.text)
    SPI1_IRQHandler                          0x08000297   Thumb Code     0  startup_stm32f103xe.o(.text)
    SPI2_IRQHandler                          0x08000297   Thumb Code     0  startup_stm32f103xe.o(.text)
    SPI3_IRQHandler                          0x08000297   Thumb Code     0  startup_stm32f103xe.o(.text)
    TAMPER_IRQHandler                        0x08000297   Thumb Code     0  startup_stm32f103xe.o(.text)
    TIM1_BRK_IRQHandler                      0x08000297   Thumb Code     0  startup_stm32f103xe.o(.text)
    TIM1_TRG_COM_IRQHandler                  0x08000297   Thumb Code     0  startup_stm32f103xe.o(.text)
    TIM1_UP_IRQHandler                       0x08000297   Thumb Code     0  startup_stm32f103xe.o(.text)
    TIM2_IRQHandler                          0x08000297   Thumb Code     0  startup_stm32f103xe.o(.text)
    TIM3_IRQHandler                          0x08000297   Thumb Code     0  startup_stm32f103xe.o(.text)
    TIM4_IRQHandler                          0x08000297   Thumb Code     0  startup_stm32f103xe.o(.text)
    TIM5_IRQHandler                          0x08000297   Thumb Code     0  startup_stm32f103xe.o(.text)
    TIM6_IRQHandler                          0x08000297   Thumb Code     0  startup_stm32f103xe.o(.text)
    TIM8_BRK_IRQHandler                      0x08000297   Thumb Code     0  startup_stm32f103xe.o(.text)
    TIM8_CC_IRQHandler                       0x08000297   Thumb Code     0  startup_stm32f103xe.o(.text)
    TIM8_TRG_COM_IRQHandler                  0x08000297   Thumb Code     0  startup_stm32f103xe.o(.text)
    TIM8_UP_IRQHandler                       0x08000297   Thumb Code     0  startup_stm32f103xe.o(.text)
    UART4_IRQHandler                         0x08000297   Thumb Code     0  startup_stm32f103xe.o(.text)
    UART5_IRQHandler                         0x08000297   Thumb Code     0  startup_stm32f103xe.o(.text)
    USART1_IRQHandler                        0x08000297   Thumb Code     0  startup_stm32f103xe.o(.text)
    USART2_IRQHandler                        0x08000297   Thumb Code     0  startup_stm32f103xe.o(.text)
    USART3_IRQHandler                        0x08000297   Thumb Code     0  startup_stm32f103xe.o(.text)
    USBWakeUp_IRQHandler                     0x08000297   Thumb Code     0  startup_stm32f103xe.o(.text)
    USB_HP_CAN1_TX_IRQHandler                0x08000297   Thumb Code     0  startup_stm32f103xe.o(.text)
    USB_LP_CAN1_RX0_IRQHandler               0x08000297   Thumb Code     0  startup_stm32f103xe.o(.text)
    WWDG_IRQHandler                          0x08000297   Thumb Code     0  startup_stm32f103xe.o(.text)
    __user_initial_stackheap                 0x08000299   Thumb Code     0  startup_stm32f103xe.o(.text)
    __2snprintf                              0x080002bd   Thumb Code    48  noretval__2snprintf.o(.text)
    __printf                                 0x080002f1   Thumb Code   270  __printf_wp.o(.text)
    __aeabi_memcpy                           0x080003ff   Thumb Code     0  rt_memcpy_v6.o(.text)
    __rt_memcpy                              0x080003ff   Thumb Code   138  rt_memcpy_v6.o(.text)
    _memcpy_lastbytes                        0x08000465   Thumb Code     0  rt_memcpy_v6.o(.text)
    __aeabi_memcpy4                          0x08000489   Thumb Code     0  rt_memcpy_w.o(.text)
    __aeabi_memcpy8                          0x08000489   Thumb Code     0  rt_memcpy_w.o(.text)
    __rt_memcpy_w                            0x08000489   Thumb Code   100  rt_memcpy_w.o(.text)
    _memcpy_lastbytes_aligned                0x080004d1   Thumb Code     0  rt_memcpy_w.o(.text)
    __aeabi_memset                           0x080004ed   Thumb Code    16  aeabi_memset.o(.text)
    __aeabi_memclr4                          0x080004fd   Thumb Code     0  rt_memclr_w.o(.text)
    __aeabi_memclr8                          0x080004fd   Thumb Code     0  rt_memclr_w.o(.text)
    __rt_memclr_w                            0x080004fd   Thumb Code    78  rt_memclr_w.o(.text)
    _memset_w                                0x08000501   Thumb Code     0  rt_memclr_w.o(.text)
    __use_two_region_memory                  0x0800054b   Thumb Code     2  heapauxi.o(.text)
    __rt_heap_escrow$2region                 0x0800054d   Thumb Code     2  heapauxi.o(.text)
    __rt_heap_expand$2region                 0x0800054f   Thumb Code     2  heapauxi.o(.text)
    __lib_sel_fp_printf                      0x08000551   Thumb Code     2  _printf_fp_dec.o(.text)
    _printf_fp_dec_real                      0x08000703   Thumb Code   620  _printf_fp_dec.o(.text)
    _printf_char_common                      0x0800097b   Thumb Code    32  _printf_char_common.o(.text)
    _sputc                                   0x080009a1   Thumb Code    10  _sputc.o(.text)
    _snputc                                  0x080009ab   Thumb Code    16  _snputc.o(.text)
    __aeabi_memclr                           0x080009bb   Thumb Code     0  rt_memclr.o(.text)
    __rt_memclr                              0x080009bb   Thumb Code    68  rt_memclr.o(.text)
    _memset                                  0x080009bf   Thumb Code     0  rt_memclr.o(.text)
    __rt_locale                              0x08000a01   Thumb Code     8  rt_locale_intlibspace.o(.text)
    _ll_udiv10                               0x08000a09   Thumb Code   138  lludiv10.o(.text)
    _printf_fp_infnan                        0x08000a95   Thumb Code   112  _printf_fp_infnan.o(.text)
    _btod_etento                             0x08000b15   Thumb Code   224  bigflt0.o(.text)
    __user_libspace                          0x08000bf9   Thumb Code     8  libspace.o(.text)
    __user_perproc_libspace                  0x08000bf9   Thumb Code     0  libspace.o(.text)
    __user_perthread_libspace                0x08000bf9   Thumb Code     0  libspace.o(.text)
    __user_setup_stackheap                   0x08000c01   Thumb Code    74  sys_stackheap_outer.o(.text)
    exit                                     0x08000c4b   Thumb Code    18  exit.o(.text)
    strcmp                                   0x08000c5d   Thumb Code   128  strcmpv7m.o(.text)
    _sys_exit                                0x08000cdd   Thumb Code     8  sys_exit.o(.text)
    __I$use$semihosting                      0x08000ce9   Thumb Code     0  use_no_semi.o(.text)
    __use_no_semihosting_swi                 0x08000ce9   Thumb Code     2  use_no_semi.o(.text)
    __semihosting_library_function           0x08000ceb   Thumb Code     0  indicate_semi.o(.text)
    _btod_d2e                                0x08000ceb   Thumb Code    62  btod.o(CL$$btod_d2e)
    _d2e_denorm_low                          0x08000d29   Thumb Code    70  btod.o(CL$$btod_d2e_denorm_low)
    _d2e_norm_op1                            0x08000d6f   Thumb Code    96  btod.o(CL$$btod_d2e_norm_op1)
    __btod_div_common                        0x08000dcf   Thumb Code   696  btod.o(CL$$btod_div_common)
    _e2e                                     0x08001107   Thumb Code   220  btod.o(CL$$btod_e2e)
    _btod_ediv                               0x080011e3   Thumb Code    42  btod.o(CL$$btod_ediv)
    _btod_emul                               0x0800120d   Thumb Code    42  btod.o(CL$$btod_emul)
    __btod_mult_common                       0x08001237   Thumb Code   580  btod.o(CL$$btod_mult_common)
    BusFault_Handler                         0x0800147b   Thumb Code     2  stm32f1xx_it.o(i.BusFault_Handler)
    DebugMon_Handler                         0x0800147d   Thumb Code     2  stm32f1xx_it.o(i.DebugMon_Handler)
    HAL_Delay                                0x08001481   Thumb Code    32  stm32f1xx_hal.o(i.HAL_Delay)
    HAL_GPIO_Init                            0x080014a5   Thumb Code   462  stm32f1xx_hal_gpio.o(i.HAL_GPIO_Init)
    HAL_GPIO_ReadPin                         0x0800169d   Thumb Code    10  stm32f1xx_hal_gpio.o(i.HAL_GPIO_ReadPin)
    HAL_GPIO_WritePin                        0x080016a7   Thumb Code    10  stm32f1xx_hal_gpio.o(i.HAL_GPIO_WritePin)
    HAL_GetTick                              0x080016b1   Thumb Code     6  stm32f1xx_hal.o(i.HAL_GetTick)
    HAL_I2C_Init                             0x080016bd   Thumb Code   376  stm32f1xx_hal_i2c.o(i.HAL_I2C_Init)
    HAL_I2C_IsDeviceReady                    0x08001845   Thumb Code   354  stm32f1xx_hal_i2c.o(i.HAL_I2C_IsDeviceReady)
    HAL_I2C_Master_Transmit                  0x080019b1   Thumb Code   290  stm32f1xx_hal_i2c.o(i.HAL_I2C_Master_Transmit)
    HAL_I2C_MspInit                          0x08001add   Thumb Code    80  stm32f1xx_hal_msp.o(i.HAL_I2C_MspInit)
    HAL_IncTick                              0x08001b39   Thumb Code    12  stm32f1xx_hal.o(i.HAL_IncTick)
    HAL_Init                                 0x08001b49   Thumb Code    32  stm32f1xx_hal.o(i.HAL_Init)
    HAL_InitTick                             0x08001b6d   Thumb Code   132  stm32f1xx_hal_timebase_tim.o(i.HAL_InitTick)
    HAL_MspInit                              0x08001c05   Thumb Code    62  stm32f1xx_hal_msp.o(i.HAL_MspInit)
    HAL_NVIC_EnableIRQ                       0x08001c4d   Thumb Code    26  stm32f1xx_hal_cortex.o(i.HAL_NVIC_EnableIRQ)
    HAL_NVIC_SetPriority                     0x08001c69   Thumb Code    60  stm32f1xx_hal_cortex.o(i.HAL_NVIC_SetPriority)
    HAL_NVIC_SetPriorityGrouping             0x08001ca9   Thumb Code    26  stm32f1xx_hal_cortex.o(i.HAL_NVIC_SetPriorityGrouping)
    HAL_RCC_ClockConfig                      0x08001ccd   Thumb Code   280  stm32f1xx_hal_rcc.o(i.HAL_RCC_ClockConfig)
    HAL_RCC_GetClockConfig                   0x08001df9   Thumb Code    54  stm32f1xx_hal_rcc.o(i.HAL_RCC_GetClockConfig)
    HAL_RCC_GetPCLK1Freq                     0x08001e39   Thumb Code    20  stm32f1xx_hal_rcc.o(i.HAL_RCC_GetPCLK1Freq)
    HAL_RCC_GetSysClockFreq                  0x08001e59   Thumb Code    58  stm32f1xx_hal_rcc.o(i.HAL_RCC_GetSysClockFreq)
    HAL_RCC_OscConfig                        0x08001ea5   Thumb Code   778  stm32f1xx_hal_rcc.o(i.HAL_RCC_OscConfig)
    HAL_TIMEx_BreakCallback                  0x080021c5   Thumb Code     2  stm32f1xx_hal_tim_ex.o(i.HAL_TIMEx_BreakCallback)
    HAL_TIMEx_CommutCallback                 0x080021c7   Thumb Code     2  stm32f1xx_hal_tim_ex.o(i.HAL_TIMEx_CommutCallback)
    HAL_TIMEx_MasterConfigSynchronization    0x080021c9   Thumb Code   104  stm32f1xx_hal_tim_ex.o(i.HAL_TIMEx_MasterConfigSynchronization)
    HAL_TIM_Base_Init                        0x08002245   Thumb Code    90  stm32f1xx_hal_tim.o(i.HAL_TIM_Base_Init)
    HAL_TIM_Base_MspInit                     0x0800229f   Thumb Code     2  stm32f1xx_hal_tim.o(i.HAL_TIM_Base_MspInit)
    HAL_TIM_Base_Start_IT                    0x080022a1   Thumb Code    88  stm32f1xx_hal_tim.o(i.HAL_TIM_Base_Start_IT)
    HAL_TIM_IC_CaptureCallback               0x0800230d   Thumb Code   150  main.o(i.HAL_TIM_IC_CaptureCallback)
    HAL_TIM_IC_ConfigChannel                 0x080023b1   Thumb Code   292  stm32f1xx_hal_tim.o(i.HAL_TIM_IC_ConfigChannel)
    HAL_TIM_IC_Init                          0x080024d5   Thumb Code    90  stm32f1xx_hal_tim.o(i.HAL_TIM_IC_Init)
    HAL_TIM_IC_MspInit                       0x08002531   Thumb Code   108  stm32f1xx_hal_msp.o(i.HAL_TIM_IC_MspInit)
    HAL_TIM_IC_Start_IT                      0x080025ad   Thumb Code   228  stm32f1xx_hal_tim.o(i.HAL_TIM_IC_Start_IT)
    HAL_TIM_IRQHandler                       0x080026a5   Thumb Code   304  stm32f1xx_hal_tim.o(i.HAL_TIM_IRQHandler)
    HAL_TIM_OC_DelayElapsedCallback          0x080027d5   Thumb Code     2  stm32f1xx_hal_tim.o(i.HAL_TIM_OC_DelayElapsedCallback)
    HAL_TIM_PWM_PulseFinishedCallback        0x080027d7   Thumb Code     2  stm32f1xx_hal_tim.o(i.HAL_TIM_PWM_PulseFinishedCallback)
    HAL_TIM_PeriodElapsedCallback            0x080027d9   Thumb Code    14  main.o(i.HAL_TIM_PeriodElapsedCallback)
    HAL_TIM_ReadCapturedValue                0x080027ed   Thumb Code    42  stm32f1xx_hal_tim.o(i.HAL_TIM_ReadCapturedValue)
    HAL_TIM_TriggerCallback                  0x08002817   Thumb Code     2  stm32f1xx_hal_tim.o(i.HAL_TIM_TriggerCallback)
    HCSR04_Read                              0x08002819   Thumb Code    70  main.o(i.HCSR04_Read)
    HardFault_Handler                        0x0800286d   Thumb Code     2  stm32f1xx_it.o(i.HardFault_Handler)
    MemManage_Handler                        0x08002c15   Thumb Code     2  stm32f1xx_it.o(i.MemManage_Handler)
    NMI_Handler                              0x08002c17   Thumb Code     2  stm32f1xx_it.o(i.NMI_Handler)
    SSD1306_Clear                            0x08002c19   Thumb Code    16  ssd1306.o(i.SSD1306_Clear)
    SSD1306_DrawPixel                        0x08002c29   Thumb Code    54  ssd1306.o(i.SSD1306_DrawPixel)
    SSD1306_Fill                             0x08002c69   Thumb Code    18  ssd1306.o(i.SSD1306_Fill)
    SSD1306_GotoXY                           0x08002c81   Thumb Code     8  ssd1306.o(i.SSD1306_GotoXY)
    SSD1306_Init                             0x08002c8d   Thumb Code   350  ssd1306.o(i.SSD1306_Init)
    SSD1306_Putc                             0x08002df5   Thumb Code   156  ssd1306.o(i.SSD1306_Putc)
    SSD1306_Puts                             0x08002e95   Thumb Code    40  ssd1306.o(i.SSD1306_Puts)
    SSD1306_UpdateScreen                     0x08002ebd   Thumb Code    66  ssd1306.o(i.SSD1306_UpdateScreen)
    SysTick_Handler                          0x08002f05   Thumb Code    38  port.o(i.SysTick_Handler)
    SystemClock_Config                       0x08002f31   Thumb Code    84  main.o(i.SystemClock_Config)
    SystemInit                               0x08002f85   Thumb Code     2  system_stm32f1xx.o(i.SystemInit)
    TIM1_CC_IRQHandler                       0x08002f89   Thumb Code     6  stm32f1xx_it.o(i.TIM1_CC_IRQHandler)
    TIM7_IRQHandler                          0x08002f95   Thumb Code     6  stm32f1xx_it.o(i.TIM7_IRQHandler)
    TIM_Base_SetConfig                       0x08002fa1   Thumb Code   134  stm32f1xx_hal_tim.o(i.TIM_Base_SetConfig)
    TIM_CCxChannelCmd                        0x0800303d   Thumb Code    26  stm32f1xx_hal_tim.o(i.TIM_CCxChannelCmd)
    TIM_TI1_SetConfig                        0x08003059   Thumb Code    88  stm32f1xx_hal_tim.o(i.TIM_TI1_SetConfig)
    UsageFault_Handler                       0x080030fb   Thumb Code     2  stm32f1xx_it.o(i.UsageFault_Handler)
    __ARM_fpclassify                         0x080030fd   Thumb Code    40  fpclassify.o(i.__ARM_fpclassify)
    _is_digit                                0x08003145   Thumb Code    14  __printf_wp.o(i._is_digit)
    lcdTask                                  0x08003155   Thumb Code    74  main.o(i.lcdTask)
    main                                     0x080031bd   Thumb Code   178  main.o(i.main)
    osKernelStart                            0x080032a1   Thumb Code    10  cmsis_os.o(i.osKernelStart)
    osThreadCreate                           0x080032ab   Thumb Code    84  cmsis_os.o(i.osThreadCreate)
    pvPortMalloc                             0x08003781   Thumb Code   216  heap_4.o(i.pvPortMalloc)
    pxPortInitialiseStack                    0x0800385d   Thumb Code    32  port.o(i.pxPortInitialiseStack)
    ssd1306_I2C_Init                         0x08003881   Thumb Code     8  ssd1306.o(i.ssd1306_I2C_Init)
    ssd1306_I2C_Write                        0x0800388d   Thumb Code    28  ssd1306.o(i.ssd1306_I2C_Write)
    ssd1306_I2C_WriteMulti                   0x080038ad   Thumb Code    50  ssd1306.o(i.ssd1306_I2C_WriteMulti)
    ultrasonicTask                           0x080038e5   Thumb Code    44  main.o(i.ultrasonicTask)
    uxListRemove                             0x08003915   Thumb Code    38  list.o(i.uxListRemove)
    vApplicationGetIdleTaskMemory            0x0800393d   Thumb Code    16  freertos.o(i.vApplicationGetIdleTaskMemory)
    vListInitialise                          0x08003951   Thumb Code    22  list.o(i.vListInitialise)
    vListInitialiseItem                      0x08003967   Thumb Code     6  list.o(i.vListInitialiseItem)
    vListInsert                              0x0800396d   Thumb Code    48  list.o(i.vListInsert)
    vListInsertEnd                           0x0800399d   Thumb Code    24  list.o(i.vListInsertEnd)
    vPortEnterCritical                       0x080039b5   Thumb Code    54  port.o(i.vPortEnterCritical)
    vPortExitCritical                        0x080039f5   Thumb Code    34  port.o(i.vPortExitCritical)
    vPortFree                                0x08003a1d   Thumb Code    94  heap_4.o(i.vPortFree)
    vPortSetupTimerInterrupt                 0x08003a81   Thumb Code    32  port.o(i.vPortSetupTimerInterrupt)
    vTaskDelay                               0x08003aa5   Thumb Code    66  tasks.o(i.vTaskDelay)
    vTaskInternalSetTimeOutState             0x08003af1   Thumb Code    12  tasks.o(i.vTaskInternalSetTimeOutState)
    vTaskMissedYield                         0x08003b01   Thumb Code     8  tasks.o(i.vTaskMissedYield)
    vTaskPlaceOnEventList                    0x08003b0d   Thumb Code    44  tasks.o(i.vTaskPlaceOnEventList)
    vTaskStartScheduler                      0x08003b3d   Thumb Code    90  tasks.o(i.vTaskStartScheduler)
    vTaskSuspendAll                          0x08003ba9   Thumb Code    10  tasks.o(i.vTaskSuspendAll)
    vTaskSwitchContext                       0x08003bb9   Thumb Code    82  tasks.o(i.vTaskSwitchContext)
    xPortStartScheduler                      0x08003c15   Thumb Code   154  port.o(i.xPortStartScheduler)
    xQueueGenericCreate                      0x08003cbd   Thumb Code    66  queue.o(i.xQueueGenericCreate)
    xQueueGenericReset                       0x08003d01   Thumb Code   132  queue.o(i.xQueueGenericReset)
    xQueueGenericSend                        0x08003d89   Thumb Code   346  queue.o(i.xQueueGenericSend)
    xQueueReceive                            0x08003ee9   Thumb Code   308  queue.o(i.xQueueReceive)
    xTaskCheckForTimeOut                     0x08004021   Thumb Code   112  tasks.o(i.xTaskCheckForTimeOut)
    xTaskCreate                              0x08004095   Thumb Code    90  tasks.o(i.xTaskCreate)
    xTaskCreateStatic                        0x080040ef   Thumb Code    86  tasks.o(i.xTaskCreateStatic)
    xTaskGetSchedulerState                   0x08004145   Thumb Code    22  tasks.o(i.xTaskGetSchedulerState)
    xTaskIncrementTick                       0x08004161   Thumb Code   194  tasks.o(i.xTaskIncrementTick)
    xTaskPriorityDisinherit                  0x0800422d   Thumb Code   144  tasks.o(i.xTaskPriorityDisinherit)
    xTaskRemoveFromEventList                 0x080042c5   Thumb Code   108  tasks.o(i.xTaskRemoveFromEventList)
    xTaskResumeAll                           0x08004339   Thumb Code   182  tasks.o(i.xTaskResumeAll)
    _get_lc_numeric                          0x080043fd   Thumb Code    44  lc_numeric_c.o(locale$$code)
    __aeabi_d2f                              0x08004429   Thumb Code     0  d2f.o(x$fpl$d2f)
    _d2f                                     0x08004429   Thumb Code    98  d2f.o(x$fpl$d2f)
    __aeabi_ddiv                             0x0800448d   Thumb Code     0  ddiv.o(x$fpl$ddiv)
    _ddiv                                    0x0800448d   Thumb Code   552  ddiv.o(x$fpl$ddiv)
    __aeabi_ui2d                             0x0800473d   Thumb Code     0  dflt_clz.o(x$fpl$dfltu)
    _dfltu                                   0x0800473d   Thumb Code    38  dflt_clz.o(x$fpl$dfltu)
    __fpl_dnaninf                            0x08004763   Thumb Code   156  dnaninf.o(x$fpl$dnaninf)
    __fpl_dretinf                            0x080047ff   Thumb Code    12  dretinf.o(x$fpl$dretinf)
    __aeabi_f2d                              0x0800480d   Thumb Code     0  f2d.o(x$fpl$f2d)
    _f2d                                     0x0800480d   Thumb Code    86  f2d.o(x$fpl$f2d)
    __fpl_fnaninf                            0x08004863   Thumb Code   140  fnaninf.o(x$fpl$fnaninf)
    __fpl_fretinf                            0x080048ef   Thumb Code    10  fretinf.o(x$fpl$fretinf)
    _printf_fp_dec                           0x080048f9   Thumb Code     4  printf1.o(x$fpl$printf1)
    __I$use$fp                               0x080048fc   Number         0  usenofp.o(x$fpl$usenofp)
    AHBPrescTable                            0x08004946   Data          16  system_stm32f1xx.o(.constdata)
    APBPrescTable                            0x08004956   Data           8  system_stm32f1xx.o(.constdata)
    Font7x10                                 0x0800495e   Data        1900  fonts.o(.constdata)
    Font11x18                                0x080050ca   Data        3420  fonts.o(.constdata)
    Region$$Table$$Base                      0x08005ed4   Number         0  anon$$obj.o(Region$$Table)
    Region$$Table$$Limit                     0x08005ef4   Number         0  anon$$obj.o(Region$$Table)
    Is_First_Captured                        0x20000000   Data           1  main.o(.data)
    IC_Val1                                  0x20000004   Data           4  main.o(.data)
    IC_Val2                                  0x20000008   Data           4  main.o(.data)
    Difference                               0x2000000c   Data           4  main.o(.data)
    Distance                                 0x20000010   Data           4  main.o(.data)
    xdistanceQueue                           0x20000014   Data           4  main.o(.data)
    uwTickFreq                               0x20000018   Data           1  stm32f1xx_hal.o(.data)
    uwTickPrio                               0x2000001c   Data           4  stm32f1xx_hal.o(.data)
    uwTick                                   0x20000020   Data           4  stm32f1xx_hal.o(.data)
    SystemCoreClock                          0x20000024   Data           4  system_stm32f1xx.o(.data)
    pxCurrentTCB                             0x20000028   Data           4  tasks.o(.data)
    Font_7x10                                0x20000090   Data           8  fonts.o(.data)
    Font_11x18                               0x20000098   Data           8  fonts.o(.data)
    hi2c1                                    0x200000a8   Data          84  main.o(.bss)
    htim1                                    0x200000fc   Data          72  main.o(.bss)
    htim7                                    0x20000398   Data          72  stm32f1xx_hal_timebase_tim.o(.bss)
    __libspace_start                         0x200014d0   Data          96  libspace.o(.bss)
    __temporary_stack_top$libspace           0x20001530   Data           0  libspace.o(.bss)



==============================================================================

Memory Map of the image

  Image Entry point : 0x08000131

  Load Region LR_IROM1 (Base: 0x08000000, Size: 0x00005fb8, Max: 0x00080000, ABSOLUTE)

    Execution Region ER_IROM1 (Exec base: 0x08000000, Load base: 0x08000000, Size: 0x00005f10, Max: 0x00080000, ABSOLUTE)

    Exec Addr    Load Addr    Size         Type   Attr      Idx    E Section Name        Object

    0x08000000   0x08000000   0x00000130   Data   RO            3    RESET               startup_stm32f103xe.o
    0x08000130   0x08000130   0x00000008   Code   RO         4470  * !!!main             c_w.l(__main.o)
    0x08000138   0x08000138   0x00000034   Code   RO         4710    !!!scatter          c_w.l(__scatter.o)
    0x0800016c   0x0800016c   0x0000001a   Code   RO         4712    !!handler_copy      c_w.l(__scatter_copy.o)
    0x08000186   0x08000186   0x00000002   PAD
    0x08000188   0x08000188   0x0000001c   Code   RO         4714    !!handler_zi        c_w.l(__scatter_zi.o)
    0x080001a4   0x080001a4   0x00000000   Code   RO         4455    .ARM.Collect$$_printf_percent$$00000000  c_w.l(_printf_percent.o)
    0x080001a4   0x080001a4   0x00000006   Code   RO         4454    .ARM.Collect$$_printf_percent$$00000003  c_w.l(_printf_f.o)
    0x080001aa   0x080001aa   0x00000004   Code   RO         4497    .ARM.Collect$$_printf_percent$$00000017  c_w.l(_printf_percent_end.o)
    0x080001ae   0x080001ae   0x00000002   Code   RO         4581    .ARM.Collect$$libinit$$00000000  c_w.l(libinit.o)
    0x080001b0   0x080001b0   0x00000000   Code   RO         4583    .ARM.Collect$$libinit$$00000002  c_w.l(libinit2.o)
    0x080001b0   0x080001b0   0x00000000   Code   RO         4585    .ARM.Collect$$libinit$$00000004  c_w.l(libinit2.o)
    0x080001b0   0x080001b0   0x00000000   Code   RO         4588    .ARM.Collect$$libinit$$0000000A  c_w.l(libinit2.o)
    0x080001b0   0x080001b0   0x00000000   Code   RO         4590    .ARM.Collect$$libinit$$0000000C  c_w.l(libinit2.o)
    0x080001b0   0x080001b0   0x00000000   Code   RO         4592    .ARM.Collect$$libinit$$0000000E  c_w.l(libinit2.o)
    0x080001b0   0x080001b0   0x00000006   Code   RO         4593    .ARM.Collect$$libinit$$0000000F  c_w.l(libinit2.o)
    0x080001b6   0x080001b6   0x00000000   Code   RO         4595    .ARM.Collect$$libinit$$00000011  c_w.l(libinit2.o)
    0x080001b6   0x080001b6   0x00000000   Code   RO         4597    .ARM.Collect$$libinit$$00000013  c_w.l(libinit2.o)
    0x080001b6   0x080001b6   0x00000000   Code   RO         4599    .ARM.Collect$$libinit$$00000015  c_w.l(libinit2.o)
    0x080001b6   0x080001b6   0x0000000a   Code   RO         4600    .ARM.Collect$$libinit$$00000016  c_w.l(libinit2.o)
    0x080001c0   0x080001c0   0x00000000   Code   RO         4601    .ARM.Collect$$libinit$$00000017  c_w.l(libinit2.o)
    0x080001c0   0x080001c0   0x00000000   Code   RO         4603    .ARM.Collect$$libinit$$00000019  c_w.l(libinit2.o)
    0x080001c0   0x080001c0   0x00000000   Code   RO         4605    .ARM.Collect$$libinit$$0000001B  c_w.l(libinit2.o)
    0x080001c0   0x080001c0   0x00000000   Code   RO         4607    .ARM.Collect$$libinit$$0000001D  c_w.l(libinit2.o)
    0x080001c0   0x080001c0   0x00000000   Code   RO         4609    .ARM.Collect$$libinit$$0000001F  c_w.l(libinit2.o)
    0x080001c0   0x080001c0   0x00000000   Code   RO         4611    .ARM.Collect$$libinit$$00000021  c_w.l(libinit2.o)
    0x080001c0   0x080001c0   0x00000000   Code   RO         4613    .ARM.Collect$$libinit$$00000023  c_w.l(libinit2.o)
    0x080001c0   0x080001c0   0x00000000   Code   RO         4615    .ARM.Collect$$libinit$$00000025  c_w.l(libinit2.o)
    0x080001c0   0x080001c0   0x00000000   Code   RO         4619    .ARM.Collect$$libinit$$0000002C  c_w.l(libinit2.o)
    0x080001c0   0x080001c0   0x00000000   Code   RO         4621    .ARM.Collect$$libinit$$0000002E  c_w.l(libinit2.o)
    0x080001c0   0x080001c0   0x00000000   Code   RO         4623    .ARM.Collect$$libinit$$00000030  c_w.l(libinit2.o)
    0x080001c0   0x080001c0   0x00000000   Code   RO         4625    .ARM.Collect$$libinit$$00000032  c_w.l(libinit2.o)
    0x080001c0   0x080001c0   0x00000002   Code   RO         4626    .ARM.Collect$$libinit$$00000033  c_w.l(libinit2.o)
    0x080001c2   0x080001c2   0x00000002   Code   RO         4656    .ARM.Collect$$libshutdown$$00000000  c_w.l(libshutdown.o)
    0x080001c4   0x080001c4   0x00000000   Code   RO         4667    .ARM.Collect$$libshutdown$$00000002  c_w.l(libshutdown2.o)
    0x080001c4   0x080001c4   0x00000000   Code   RO         4669    .ARM.Collect$$libshutdown$$00000004  c_w.l(libshutdown2.o)
    0x080001c4   0x080001c4   0x00000000   Code   RO         4671    .ARM.Collect$$libshutdown$$00000006  c_w.l(libshutdown2.o)
    0x080001c4   0x080001c4   0x00000000   Code   RO         4674    .ARM.Collect$$libshutdown$$00000009  c_w.l(libshutdown2.o)
    0x080001c4   0x080001c4   0x00000000   Code   RO         4677    .ARM.Collect$$libshutdown$$0000000C  c_w.l(libshutdown2.o)
    0x080001c4   0x080001c4   0x00000000   Code   RO         4679    .ARM.Collect$$libshutdown$$0000000E  c_w.l(libshutdown2.o)
    0x080001c4   0x080001c4   0x00000000   Code   RO         4682    .ARM.Collect$$libshutdown$$00000011  c_w.l(libshutdown2.o)
    0x080001c4   0x080001c4   0x00000002   Code   RO         4683    .ARM.Collect$$libshutdown$$00000012  c_w.l(libshutdown2.o)
    0x080001c6   0x080001c6   0x00000000   Code   RO         4488    .ARM.Collect$$rtentry$$00000000  c_w.l(__rtentry.o)
    0x080001c6   0x080001c6   0x00000000   Code   RO         4510    .ARM.Collect$$rtentry$$00000002  c_w.l(__rtentry2.o)
    0x080001c6   0x080001c6   0x00000006   Code   RO         4522    .ARM.Collect$$rtentry$$00000004  c_w.l(__rtentry4.o)
    0x080001cc   0x080001cc   0x00000000   Code   RO         4512    .ARM.Collect$$rtentry$$00000009  c_w.l(__rtentry2.o)
    0x080001cc   0x080001cc   0x00000004   Code   RO         4513    .ARM.Collect$$rtentry$$0000000A  c_w.l(__rtentry2.o)
    0x080001d0   0x080001d0   0x00000000   Code   RO         4515    .ARM.Collect$$rtentry$$0000000C  c_w.l(__rtentry2.o)
    0x080001d0   0x080001d0   0x00000008   Code   RO         4516    .ARM.Collect$$rtentry$$0000000D  c_w.l(__rtentry2.o)
    0x080001d8   0x080001d8   0x00000002   Code   RO         4627    .ARM.Collect$$rtexit$$00000000  c_w.l(rtexit.o)
    0x080001da   0x080001da   0x00000000   Code   RO         4634    .ARM.Collect$$rtexit$$00000002  c_w.l(rtexit2.o)
    0x080001da   0x080001da   0x00000004   Code   RO         4635    .ARM.Collect$$rtexit$$00000003  c_w.l(rtexit2.o)
    0x080001de   0x080001de   0x00000006   Code   RO         4636    .ARM.Collect$$rtexit$$00000004  c_w.l(rtexit2.o)
    0x080001e4   0x080001e4   0x00000096   Code   RO         4118    .emb_text           port.o
    0x0800027a   0x0800027a   0x00000002   PAD
    0x0800027c   0x0800027c   0x00000040   Code   RO            4    .text               startup_stm32f103xe.o
    0x080002bc   0x080002bc   0x00000034   Code   RO         4430    .text               c_w.l(noretval__2snprintf.o)
    0x080002f0   0x080002f0   0x0000010e   Code   RO         4442    .text               c_w.l(__printf_wp.o)
    0x080003fe   0x080003fe   0x0000008a   Code   RO         4458    .text               c_w.l(rt_memcpy_v6.o)
    0x08000488   0x08000488   0x00000064   Code   RO         4460    .text               c_w.l(rt_memcpy_w.o)
    0x080004ec   0x080004ec   0x00000010   Code   RO         4464    .text               c_w.l(aeabi_memset.o)
    0x080004fc   0x080004fc   0x0000004e   Code   RO         4466    .text               c_w.l(rt_memclr_w.o)
    0x0800054a   0x0800054a   0x00000006   Code   RO         4468    .text               c_w.l(heapauxi.o)
    0x08000550   0x08000550   0x0000041e   Code   RO         4489    .text               c_w.l(_printf_fp_dec.o)
    0x0800096e   0x0800096e   0x00000002   PAD
    0x08000970   0x08000970   0x00000030   Code   RO         4491    .text               c_w.l(_printf_char_common.o)
    0x080009a0   0x080009a0   0x0000000a   Code   RO         4493    .text               c_w.l(_sputc.o)
    0x080009aa   0x080009aa   0x00000010   Code   RO         4495    .text               c_w.l(_snputc.o)
    0x080009ba   0x080009ba   0x00000044   Code   RO         4498    .text               c_w.l(rt_memclr.o)
    0x080009fe   0x080009fe   0x00000002   PAD
    0x08000a00   0x08000a00   0x00000008   Code   RO         4527    .text               c_w.l(rt_locale_intlibspace.o)
    0x08000a08   0x08000a08   0x0000008a   Code   RO         4529    .text               c_w.l(lludiv10.o)
    0x08000a92   0x08000a92   0x00000002   PAD
    0x08000a94   0x08000a94   0x00000080   Code   RO         4531    .text               c_w.l(_printf_fp_infnan.o)
    0x08000b14   0x08000b14   0x000000e4   Code   RO         4535    .text               c_w.l(bigflt0.o)
    0x08000bf8   0x08000bf8   0x00000008   Code   RO         4567    .text               c_w.l(libspace.o)
    0x08000c00   0x08000c00   0x0000004a   Code   RO         4570    .text               c_w.l(sys_stackheap_outer.o)
    0x08000c4a   0x08000c4a   0x00000012   Code   RO         4572    .text               c_w.l(exit.o)
    0x08000c5c   0x08000c5c   0x00000080   Code   RO         4574    .text               c_w.l(strcmpv7m.o)
    0x08000cdc   0x08000cdc   0x0000000c   Code   RO         4646    .text               c_w.l(sys_exit.o)
    0x08000ce8   0x08000ce8   0x00000002   Code   RO         4657    .text               c_w.l(use_no_semi.o)
    0x08000cea   0x08000cea   0x00000000   Code   RO         4659    .text               c_w.l(indicate_semi.o)
    0x08000cea   0x08000cea   0x0000003e   Code   RO         4538    CL$$btod_d2e        c_w.l(btod.o)
    0x08000d28   0x08000d28   0x00000046   Code   RO         4540    CL$$btod_d2e_denorm_low  c_w.l(btod.o)
    0x08000d6e   0x08000d6e   0x00000060   Code   RO         4539    CL$$btod_d2e_norm_op1  c_w.l(btod.o)
    0x08000dce   0x08000dce   0x00000338   Code   RO         4548    CL$$btod_div_common  c_w.l(btod.o)
    0x08001106   0x08001106   0x000000dc   Code   RO         4545    CL$$btod_e2e        c_w.l(btod.o)
    0x080011e2   0x080011e2   0x0000002a   Code   RO         4542    CL$$btod_ediv       c_w.l(btod.o)
    0x0800120c   0x0800120c   0x0000002a   Code   RO         4541    CL$$btod_emul       c_w.l(btod.o)
    0x08001236   0x08001236   0x00000244   Code   RO         4547    CL$$btod_mult_common  c_w.l(btod.o)
    0x0800147a   0x0800147a   0x00000002   Code   RO          283    i.BusFault_Handler  stm32f1xx_it.o
    0x0800147c   0x0800147c   0x00000002   Code   RO          284    i.DebugMon_Handler  stm32f1xx_it.o
    0x0800147e   0x0800147e   0x00000002   PAD
    0x08001480   0x08001480   0x00000024   Code   RO          483    i.HAL_Delay         stm32f1xx_hal.o
    0x080014a4   0x080014a4   0x000001f8   Code   RO          793    i.HAL_GPIO_Init     stm32f1xx_hal_gpio.o
    0x0800169c   0x0800169c   0x0000000a   Code   RO          795    i.HAL_GPIO_ReadPin  stm32f1xx_hal_gpio.o
    0x080016a6   0x080016a6   0x0000000a   Code   RO          797    i.HAL_GPIO_WritePin  stm32f1xx_hal_gpio.o
    0x080016b0   0x080016b0   0x0000000c   Code   RO          487    i.HAL_GetTick       stm32f1xx_hal.o
    0x080016bc   0x080016bc   0x00000188   Code   RO         1464    i.HAL_I2C_Init      stm32f1xx_hal_i2c.o
    0x08001844   0x08001844   0x0000016c   Code   RO         1465    i.HAL_I2C_IsDeviceReady  stm32f1xx_hal_i2c.o
    0x080019b0   0x080019b0   0x0000012c   Code   RO         1477    i.HAL_I2C_Master_Transmit  stm32f1xx_hal_i2c.o
    0x08001adc   0x08001adc   0x0000005c   Code   RO          354    i.HAL_I2C_MspInit   stm32f1xx_hal_msp.o
    0x08001b38   0x08001b38   0x00000010   Code   RO          493    i.HAL_IncTick       stm32f1xx_hal.o
    0x08001b48   0x08001b48   0x00000024   Code   RO          494    i.HAL_Init          stm32f1xx_hal.o
    0x08001b6c   0x08001b6c   0x00000098   Code   RO          401    i.HAL_InitTick      stm32f1xx_hal_timebase_tim.o
    0x08001c04   0x08001c04   0x00000048   Code   RO          355    i.HAL_MspInit       stm32f1xx_hal_msp.o
    0x08001c4c   0x08001c4c   0x0000001a   Code   RO          953    i.HAL_NVIC_EnableIRQ  stm32f1xx_hal_cortex.o
    0x08001c66   0x08001c66   0x00000002   PAD
    0x08001c68   0x08001c68   0x00000040   Code   RO          959    i.HAL_NVIC_SetPriority  stm32f1xx_hal_cortex.o
    0x08001ca8   0x08001ca8   0x00000024   Code   RO          960    i.HAL_NVIC_SetPriorityGrouping  stm32f1xx_hal_cortex.o
    0x08001ccc   0x08001ccc   0x0000012c   Code   RO          651    i.HAL_RCC_ClockConfig  stm32f1xx_hal_rcc.o
    0x08001df8   0x08001df8   0x00000040   Code   RO          655    i.HAL_RCC_GetClockConfig  stm32f1xx_hal_rcc.o
    0x08001e38   0x08001e38   0x00000020   Code   RO          658    i.HAL_RCC_GetPCLK1Freq  stm32f1xx_hal_rcc.o
    0x08001e58   0x08001e58   0x0000004c   Code   RO          660    i.HAL_RCC_GetSysClockFreq  stm32f1xx_hal_rcc.o
    0x08001ea4   0x08001ea4   0x00000320   Code   RO          663    i.HAL_RCC_OscConfig  stm32f1xx_hal_rcc.o
    0x080021c4   0x080021c4   0x00000002   Code   RO         2596    i.HAL_TIMEx_BreakCallback  stm32f1xx_hal_tim_ex.o
    0x080021c6   0x080021c6   0x00000002   Code   RO         2597    i.HAL_TIMEx_CommutCallback  stm32f1xx_hal_tim_ex.o
    0x080021c8   0x080021c8   0x0000007c   Code   RO         2615    i.HAL_TIMEx_MasterConfigSynchronization  stm32f1xx_hal_tim_ex.o
    0x08002244   0x08002244   0x0000005a   Code   RO         1892    i.HAL_TIM_Base_Init  stm32f1xx_hal_tim.o
    0x0800229e   0x0800229e   0x00000002   Code   RO         1894    i.HAL_TIM_Base_MspInit  stm32f1xx_hal_tim.o
    0x080022a0   0x080022a0   0x0000006c   Code   RO         1897    i.HAL_TIM_Base_Start_IT  stm32f1xx_hal_tim.o
    0x0800230c   0x0800230c   0x000000a4   Code   RO           14    i.HAL_TIM_IC_CaptureCallback  main.o
    0x080023b0   0x080023b0   0x00000124   Code   RO         1928    i.HAL_TIM_IC_ConfigChannel  stm32f1xx_hal_tim.o
    0x080024d4   0x080024d4   0x0000005a   Code   RO         1931    i.HAL_TIM_IC_Init   stm32f1xx_hal_tim.o
    0x0800252e   0x0800252e   0x00000002   PAD
    0x08002530   0x08002530   0x0000007c   Code   RO          357    i.HAL_TIM_IC_MspInit  stm32f1xx_hal_msp.o
    0x080025ac   0x080025ac   0x000000f8   Code   RO         1936    i.HAL_TIM_IC_Start_IT  stm32f1xx_hal_tim.o
    0x080026a4   0x080026a4   0x00000130   Code   RO         1940    i.HAL_TIM_IRQHandler  stm32f1xx_hal_tim.o
    0x080027d4   0x080027d4   0x00000002   Code   RO         1943    i.HAL_TIM_OC_DelayElapsedCallback  stm32f1xx_hal_tim.o
    0x080027d6   0x080027d6   0x00000002   Code   RO         1970    i.HAL_TIM_PWM_PulseFinishedCallback  stm32f1xx_hal_tim.o
    0x080027d8   0x080027d8   0x00000014   Code   RO           15    i.HAL_TIM_PeriodElapsedCallback  main.o
    0x080027ec   0x080027ec   0x0000002a   Code   RO         1980    i.HAL_TIM_ReadCapturedValue  stm32f1xx_hal_tim.o
    0x08002816   0x08002816   0x00000002   Code   RO         1983    i.HAL_TIM_TriggerCallback  stm32f1xx_hal_tim.o
    0x08002818   0x08002818   0x00000054   Code   RO           16    i.HCSR04_Read       main.o
    0x0800286c   0x0800286c   0x00000002   Code   RO          285    i.HardFault_Handler  stm32f1xx_it.o
    0x0800286e   0x0800286e   0x0000002e   Code   RO         1507    i.I2C_IsAcknowledgeFailed  stm32f1xx_hal_i2c.o
    0x0800289c   0x0800289c   0x0000009c   Code   RO         1511    i.I2C_MasterRequestWrite  stm32f1xx_hal_i2c.o
    0x08002938   0x08002938   0x00000056   Code   RO         1522    i.I2C_WaitOnBTFFlagUntilTimeout  stm32f1xx_hal_i2c.o
    0x0800298e   0x0800298e   0x00000002   PAD
    0x08002990   0x08002990   0x00000090   Code   RO         1523    i.I2C_WaitOnFlagUntilTimeout  stm32f1xx_hal_i2c.o
    0x08002a20   0x08002a20   0x000000bc   Code   RO         1524    i.I2C_WaitOnMasterAddressFlagUntilTimeout  stm32f1xx_hal_i2c.o
    0x08002adc   0x08002adc   0x00000056   Code   RO         1526    i.I2C_WaitOnTXEFlagUntilTimeout  stm32f1xx_hal_i2c.o
    0x08002b32   0x08002b32   0x00000002   PAD
    0x08002b34   0x08002b34   0x00000070   Code   RO           17    i.MX_GPIO_Init      main.o
    0x08002ba4   0x08002ba4   0x00000070   Code   RO           18    i.MX_TIM1_Init      main.o
    0x08002c14   0x08002c14   0x00000002   Code   RO          286    i.MemManage_Handler  stm32f1xx_it.o
    0x08002c16   0x08002c16   0x00000002   Code   RO          287    i.NMI_Handler       stm32f1xx_it.o
    0x08002c18   0x08002c18   0x00000010   Code   RO         4233    i.SSD1306_Clear     ssd1306.o
    0x08002c28   0x08002c28   0x00000040   Code   RO         4240    i.SSD1306_DrawPixel  ssd1306.o
    0x08002c68   0x08002c68   0x00000018   Code   RO         4243    i.SSD1306_Fill      ssd1306.o
    0x08002c80   0x08002c80   0x0000000c   Code   RO         4244    i.SSD1306_GotoXY    ssd1306.o
    0x08002c8c   0x08002c8c   0x00000168   Code   RO         4245    i.SSD1306_Init      ssd1306.o
    0x08002df4   0x08002df4   0x000000a0   Code   RO         4249    i.SSD1306_Putc      ssd1306.o
    0x08002e94   0x08002e94   0x00000028   Code   RO         4250    i.SSD1306_Puts      ssd1306.o
    0x08002ebc   0x08002ebc   0x00000048   Code   RO         4257    i.SSD1306_UpdateScreen  ssd1306.o
    0x08002f04   0x08002f04   0x0000002c   Code   RO         4119    i.SysTick_Handler   port.o
    0x08002f30   0x08002f30   0x00000054   Code   RO           20    i.SystemClock_Config  main.o
    0x08002f84   0x08002f84   0x00000002   Code   RO         2864    i.SystemInit        system_stm32f1xx.o
    0x08002f86   0x08002f86   0x00000002   PAD
    0x08002f88   0x08002f88   0x0000000c   Code   RO          288    i.TIM1_CC_IRQHandler  stm32f1xx_it.o
    0x08002f94   0x08002f94   0x0000000c   Code   RO          289    i.TIM7_IRQHandler   stm32f1xx_it.o
    0x08002fa0   0x08002fa0   0x0000009c   Code   RO         1985    i.TIM_Base_SetConfig  stm32f1xx_hal_tim.o
    0x0800303c   0x0800303c   0x0000001a   Code   RO         1986    i.TIM_CCxChannelCmd  stm32f1xx_hal_tim.o
    0x08003056   0x08003056   0x00000002   PAD
    0x08003058   0x08003058   0x0000006c   Code   RO         2004    i.TIM_TI1_SetConfig  stm32f1xx_hal_tim.o
    0x080030c4   0x080030c4   0x00000036   Code   RO         2006    i.TIM_TI2_SetConfig  stm32f1xx_hal_tim.o
    0x080030fa   0x080030fa   0x00000002   Code   RO          290    i.UsageFault_Handler  stm32f1xx_it.o
    0x080030fc   0x080030fc   0x00000028   Code   RO         4565    i.__ARM_fpclassify  m_ws.l(fpclassify.o)
    0x08003124   0x08003124   0x00000020   Code   RO          966    i.__NVIC_SetPriority  stm32f1xx_hal_cortex.o
    0x08003144   0x08003144   0x0000000e   Code   RO         4444    i._is_digit         c_w.l(__printf_wp.o)
    0x08003152   0x08003152   0x00000002   PAD
    0x08003154   0x08003154   0x00000068   Code   RO           21    i.lcdTask           main.o
    0x080031bc   0x080031bc   0x000000d8   Code   RO           22    i.main              main.o
    0x08003294   0x08003294   0x0000000c   Code   RO         3684    i.makeFreeRtosPriority  cmsis_os.o
    0x080032a0   0x080032a0   0x0000000a   Code   RO         3689    i.osKernelStart     cmsis_os.o
    0x080032aa   0x080032aa   0x00000054   Code   RO         3723    i.osThreadCreate    cmsis_os.o
    0x080032fe   0x080032fe   0x00000002   PAD
    0x08003300   0x08003300   0x00000070   Code   RO         3366    i.prvAddCurrentTaskToDelayedList  tasks.o
    0x08003370   0x08003370   0x000000d0   Code   RO         3367    i.prvAddNewTaskToReadyList  tasks.o
    0x08003440   0x08003440   0x00000026   Code   RO         3042    i.prvCopyDataFromQueue  queue.o
    0x08003466   0x08003466   0x0000006c   Code   RO         3043    i.prvCopyDataToQueue  queue.o
    0x080034d2   0x080034d2   0x00000034   Code   RO         3368    i.prvDeleteTCB      tasks.o
    0x08003506   0x08003506   0x00000002   PAD
    0x08003508   0x08003508   0x0000004c   Code   RO         4051    i.prvHeapInit       heap_4.o
    0x08003554   0x08003554   0x00000060   Code   RO         3369    i.prvIdleTask       tasks.o
    0x080035b4   0x080035b4   0x00000016   Code   RO         3045    i.prvInitialiseNewQueue  queue.o
    0x080035ca   0x080035ca   0x00000098   Code   RO         3370    i.prvInitialiseNewTask  tasks.o
    0x08003662   0x08003662   0x00000002   PAD
    0x08003664   0x08003664   0x0000004c   Code   RO         4052    i.prvInsertBlockIntoFreeList  heap_4.o
    0x080036b0   0x080036b0   0x0000001c   Code   RO         3046    i.prvIsQueueEmpty   queue.o
    0x080036cc   0x080036cc   0x00000020   Code   RO         3371    i.prvResetNextTaskUnblockTime  tasks.o
    0x080036ec   0x080036ec   0x00000028   Code   RO         4120    i.prvTaskExitError  port.o
    0x08003714   0x08003714   0x0000006a   Code   RO         3047    i.prvUnlockQueue    queue.o
    0x0800377e   0x0800377e   0x00000002   PAD
    0x08003780   0x08003780   0x000000dc   Code   RO         4053    i.pvPortMalloc      heap_4.o
    0x0800385c   0x0800385c   0x00000024   Code   RO         4121    i.pxPortInitialiseStack  port.o
    0x08003880   0x08003880   0x0000000c   Code   RO         4258    i.ssd1306_I2C_Init  ssd1306.o
    0x0800388c   0x0800388c   0x00000020   Code   RO         4259    i.ssd1306_I2C_Write  ssd1306.o
    0x080038ac   0x080038ac   0x00000038   Code   RO         4260    i.ssd1306_I2C_WriteMulti  ssd1306.o
    0x080038e4   0x080038e4   0x00000030   Code   RO           23    i.ultrasonicTask    main.o
    0x08003914   0x08003914   0x00000026   Code   RO         3002    i.uxListRemove      list.o
    0x0800393a   0x0800393a   0x00000002   PAD
    0x0800393c   0x0800393c   0x00000014   Code   RO          249    i.vApplicationGetIdleTaskMemory  freertos.o
    0x08003950   0x08003950   0x00000016   Code   RO         3003    i.vListInitialise   list.o
    0x08003966   0x08003966   0x00000006   Code   RO         3004    i.vListInitialiseItem  list.o
    0x0800396c   0x0800396c   0x00000030   Code   RO         3005    i.vListInsert       list.o
    0x0800399c   0x0800399c   0x00000018   Code   RO         3006    i.vListInsertEnd    list.o
    0x080039b4   0x080039b4   0x00000040   Code   RO         4123    i.vPortEnterCritical  port.o
    0x080039f4   0x080039f4   0x00000028   Code   RO         4124    i.vPortExitCritical  port.o
    0x08003a1c   0x08003a1c   0x00000064   Code   RO         4054    i.vPortFree         heap_4.o
    0x08003a80   0x08003a80   0x00000024   Code   RO         4125    i.vPortSetupTimerInterrupt  port.o
    0x08003aa4   0x08003aa4   0x0000004c   Code   RO         3380    i.vTaskDelay        tasks.o
    0x08003af0   0x08003af0   0x00000010   Code   RO         3383    i.vTaskInternalSetTimeOutState  tasks.o
    0x08003b00   0x08003b00   0x0000000c   Code   RO         3384    i.vTaskMissedYield  tasks.o
    0x08003b0c   0x08003b0c   0x00000030   Code   RO         3386    i.vTaskPlaceOnEventList  tasks.o
    0x08003b3c   0x08003b3c   0x0000006c   Code   RO         3393    i.vTaskStartScheduler  tasks.o
    0x08003ba8   0x08003ba8   0x00000010   Code   RO         3395    i.vTaskSuspendAll   tasks.o
    0x08003bb8   0x08003bb8   0x0000005c   Code   RO         3396    i.vTaskSwitchContext  tasks.o
    0x08003c14   0x08003c14   0x000000a8   Code   RO         4127    i.xPortStartScheduler  port.o
    0x08003cbc   0x08003cbc   0x00000042   Code   RO         3056    i.xQueueGenericCreate  queue.o
    0x08003cfe   0x08003cfe   0x00000002   PAD
    0x08003d00   0x08003d00   0x00000088   Code   RO         3058    i.xQueueGenericReset  queue.o
    0x08003d88   0x08003d88   0x00000160   Code   RO         3059    i.xQueueGenericSend  queue.o
    0x08003ee8   0x08003ee8   0x00000138   Code   RO         3066    i.xQueueReceive     queue.o
    0x08004020   0x08004020   0x00000074   Code   RO         3398    i.xTaskCheckForTimeOut  tasks.o
    0x08004094   0x08004094   0x0000005a   Code   RO         3399    i.xTaskCreate       tasks.o
    0x080040ee   0x080040ee   0x00000056   Code   RO         3400    i.xTaskCreateStatic  tasks.o
    0x08004144   0x08004144   0x0000001c   Code   RO         3404    i.xTaskGetSchedulerState  tasks.o
    0x08004160   0x08004160   0x000000cc   Code   RO         3407    i.xTaskIncrementTick  tasks.o
    0x0800422c   0x0800422c   0x00000098   Code   RO         3410    i.xTaskPriorityDisinherit  tasks.o
    0x080042c4   0x080042c4   0x00000074   Code   RO         3412    i.xTaskRemoveFromEventList  tasks.o
    0x08004338   0x08004338   0x000000c4   Code   RO         3413    i.xTaskResumeAll    tasks.o
    0x080043fc   0x080043fc   0x0000002c   Code   RO         4561    locale$$code        c_w.l(lc_numeric_c.o)
    0x08004428   0x08004428   0x00000062   Code   RO         4472    x$fpl$d2f           fz_ws.l(d2f.o)
    0x0800448a   0x0800448a   0x00000002   PAD
    0x0800448c   0x0800448c   0x000002b0   Code   RO         4475    x$fpl$ddiv          fz_ws.l(ddiv.o)
    0x0800473c   0x0800473c   0x00000026   Code   RO         4478    x$fpl$dfltu         fz_ws.l(dflt_clz.o)
    0x08004762   0x08004762   0x0000009c   Code   RO         4500    x$fpl$dnaninf       fz_ws.l(dnaninf.o)
    0x080047fe   0x080047fe   0x0000000c   Code   RO         4502    x$fpl$dretinf       fz_ws.l(dretinf.o)
    0x0800480a   0x0800480a   0x00000002   PAD
    0x0800480c   0x0800480c   0x00000056   Code   RO         4484    x$fpl$f2d           fz_ws.l(f2d.o)
    0x08004862   0x08004862   0x0000008c   Code   RO         4504    x$fpl$fnaninf       fz_ws.l(fnaninf.o)
    0x080048ee   0x080048ee   0x0000000a   Code   RO         4506    x$fpl$fretinf       fz_ws.l(fretinf.o)
    0x080048f8   0x080048f8   0x00000004   Code   RO         4486    x$fpl$printf1       fz_ws.l(printf1.o)
    0x080048fc   0x080048fc   0x00000000   Code   RO         4508    x$fpl$usenofp       fz_ws.l(usenofp.o)
    0x080048fc   0x080048fc   0x00000038   Data   RO           25    .constdata          main.o
    0x08004934   0x08004934   0x00000012   Data   RO          664    .constdata          stm32f1xx_hal_rcc.o
    0x08004946   0x08004946   0x00000010   Data   RO         2865    .constdata          system_stm32f1xx.o
    0x08004956   0x08004956   0x00000008   Data   RO         2866    .constdata          system_stm32f1xx.o
    0x0800495e   0x0800495e   0x0000076c   Data   RO         4199    .constdata          fonts.o
    0x080050ca   0x080050ca   0x00000d5c   Data   RO         4200    .constdata          fonts.o
    0x08005e26   0x08005e26   0x00000002   PAD
    0x08005e28   0x08005e28   0x00000094   Data   RO         4536    .constdata          c_w.l(bigflt0.o)
    0x08005ebc   0x08005ebc   0x00000018   Data   RO           26    .conststring        main.o
    0x08005ed4   0x08005ed4   0x00000020   Data   RO         4708    Region$$Table       anon$$obj.o
    0x08005ef4   0x08005ef4   0x0000001c   Data   RO         4560    locale$$data        c_w.l(lc_numeric_c.o)


    Execution Region RW_IRAM1 (Exec base: 0x20000000, Load base: 0x08005f10, Size: 0x00001b30, Max: 0x00010000, ABSOLUTE)

    Exec Addr    Load Addr    Size         Type   Attr      Idx    E Section Name        Object

    0x20000000   0x08005f10   0x00000018   Data   RW           27    .data               main.o
    0x20000018   0x08005f28   0x0000000c   Data   RW          501    .data               stm32f1xx_hal.o
    0x20000024   0x08005f34   0x00000004   Data   RW         2867    .data               system_stm32f1xx.o
    0x20000028   0x08005f38   0x0000003c   Data   RW         3416    .data               tasks.o
    0x20000064   0x08005f74   0x00000020   Data   RW         4060    .data               heap_4.o
    0x20000084   0x08005f94   0x0000000c   Data   RW         4128    .data               port.o
    0x20000090   0x08005fa0   0x00000008   Data   RW         4202    .data               fonts.o
    0x20000098   0x08005fa8   0x00000008   Data   RW         4203    .data               fonts.o
    0x200000a0   0x08005fb0   0x00000006   Data   RW         4262    .data               ssd1306.o
    0x200000a6   0x08005fb6   0x00000002   PAD
    0x200000a8        -       0x0000009c   Zero   RW           24    .bss                main.o
    0x20000144        -       0x00000254   Zero   RW          250    .bss                freertos.o
    0x20000398        -       0x00000048   Zero   RW          404    .bss                stm32f1xx_hal_timebase_tim.o
    0x200003e0        -       0x000000f0   Zero   RW         3415    .bss                tasks.o
    0x200004d0        -       0x00000c00   Zero   RW         4059    .bss                heap_4.o
    0x200010d0        -       0x00000400   Zero   RW         4261    .bss                ssd1306.o
    0x200014d0        -       0x00000060   Zero   RW         4568    .bss                c_w.l(libspace.o)
    0x20001530        -       0x00000200   Zero   RW            2    HEAP                startup_stm32f103xe.o
    0x20001730        -       0x00000400   Zero   RW            1    STACK               startup_stm32f103xe.o


==============================================================================

Image component sizes


      Code (inc. data)   RO Data    RW Data    ZI Data      Debug   Object Name

       106          0          0          0          0      23047   cmsis_os.o
         0          0          0          0          0      20384   event_groups.o
         0          0       5320         16          0       1307   fonts.o
        20          4          0          0        596       1352   freertos.o
       472         24          0         32       3072       7619   heap_4.o
       138          0          0          0          0       3642   list.o
       944        124         80         24        156     525339   main.o
       578         60          0         12          0      10692   port.o
      1168         14          0          0          0      13867   queue.o
       848         54          0          6       1024       9280   ssd1306.o
        64         26        304          0       1536        852   startup_stm32f103xe.o
       100         18          0         12          0       6130   stm32f1xx_hal.o
       158         14          0          0          0      28394   stm32f1xx_hal_cortex.o
       524         42          0          0          0       3695   stm32f1xx_hal_gpio.o
      1762         42          0          0          0      10929   stm32f1xx_hal_i2c.o
       288         38          0          0          0       2429   stm32f1xx_hal_msp.o
      1272         82         18          0          0       5414   stm32f1xx_hal_rcc.o
      1526         82          0          0          0      13014   stm32f1xx_hal_tim.o
       128         20          0          0          0       2561   stm32f1xx_hal_tim_ex.o
       152         20          0          0         72       1595   stm32f1xx_hal_timebase_tim.o
        36         12          0          0          0       3772   stm32f1xx_it.o
         0          0          0          0          0        416   stream_buffer.o
         2          0         24          4          0       1239   system_stm32f1xx.o
      2008        150          0         60        240      25434   tasks.o

    ----------------------------------------------------------------------
     12322        826       5780        168       6696     722403   Object Totals
         0          0         32          0          0          0   (incl. Generated)
        28          0          2          2          0          0   (incl. Padding)

    ----------------------------------------------------------------------

      Code (inc. data)   RO Data    RW Data    ZI Data      Debug   Library Member Name

         8          0          0          0          0         68   __main.o
       284          0          0          0          0        156   __printf_wp.o
         0          0          0          0          0          0   __rtentry.o
        12          0          0          0          0          0   __rtentry2.o
         6          0          0          0          0          0   __rtentry4.o
        52          8          0          0          0          0   __scatter.o
        26          0          0          0          0          0   __scatter_copy.o
        28          0          0          0          0          0   __scatter_zi.o
        48          6          0          0          0         96   _printf_char_common.o
         6          0          0          0          0          0   _printf_f.o
      1054          0          0          0          0        216   _printf_fp_dec.o
       128         16          0          0          0         84   _printf_fp_infnan.o
         0          0          0          0          0          0   _printf_percent.o
         4          0          0          0          0          0   _printf_percent_end.o
        16          0          0          0          0         68   _snputc.o
        10          0          0          0          0         68   _sputc.o
        16          0          0          0          0         68   aeabi_memset.o
       228          4        148          0          0         96   bigflt0.o
      1936        128          0          0          0        672   btod.o
        18          0          0          0          0         80   exit.o
         6          0          0          0          0        152   heapauxi.o
         0          0          0          0          0          0   indicate_semi.o
        44         10         28          0          0         76   lc_numeric_c.o
         2          0          0          0          0          0   libinit.o
        18          0          0          0          0          0   libinit2.o
         2          0          0          0          0          0   libshutdown.o
         2          0          0          0          0          0   libshutdown2.o
         8          4          0          0         96         68   libspace.o
       138          0          0          0          0         80   lludiv10.o
        52          4          0          0          0         84   noretval__2snprintf.o
         8          4          0          0          0         68   rt_locale_intlibspace.o
        68          0          0          0          0         68   rt_memclr.o
        78          0          0          0          0         80   rt_memclr_w.o
       138          0          0          0          0         68   rt_memcpy_v6.o
       100          0          0          0          0         80   rt_memcpy_w.o
         2          0          0          0          0          0   rtexit.o
        10          0          0          0          0          0   rtexit2.o
       128          0          0          0          0         68   strcmpv7m.o
        12          4          0          0          0         68   sys_exit.o
        74          0          0          0          0         80   sys_stackheap_outer.o
         2          0          0          0          0         68   use_no_semi.o
        98          4          0          0          0         92   d2f.o
       688        140          0          0          0        208   ddiv.o
        38          0          0          0          0         68   dflt_clz.o
       156          4          0          0          0         92   dnaninf.o
        12          0          0          0          0         68   dretinf.o
        86          4          0          0          0         84   f2d.o
       140          4          0          0          0         84   fnaninf.o
        10          0          0          0          0         68   fretinf.o
         4          0          0          0          0         68   printf1.o
         0          0          0          0          0          0   usenofp.o
        40          0          0          0          0         68   fpclassify.o

    ----------------------------------------------------------------------
      6058        344        176          0         96       3680   Library Totals
        14          0          0          0          0          0   (incl. Padding)

    ----------------------------------------------------------------------

      Code (inc. data)   RO Data    RW Data    ZI Data      Debug   Library Name

      4772        188        176          0         96       2780   c_w.l
      1232        156          0          0          0        832   fz_ws.l
        40          0          0          0          0         68   m_ws.l

    ----------------------------------------------------------------------
      6058        344        176          0         96       3680   Library Totals

    ----------------------------------------------------------------------

==============================================================================


      Code (inc. data)   RO Data    RW Data    ZI Data      Debug   

     18380       1170       5956        168       6792     717655   Grand Totals
     18380       1170       5956        168       6792     717655   ELF Image Totals
     18380       1170       5956        168          0          0   ROM Totals

==============================================================================

    Total RO  Size (Code + RO Data)                24336 (  23.77kB)
    Total RW  Size (RW Data + ZI Data)              6960 (   6.80kB)
    Total ROM Size (Code + RO Data + RW Data)      24504 (  23.93kB)

==============================================================================

